Archive member included to satisfy reference by file (symbol)

/home/lidong/.xmake/packages/g/gnu-rm/10.2020-q4/2d4596dff08a4f1594fc6460d44da443/bin/../lib/gcc/arm-none-eabi/10.2.1/../../../../arm-none-eabi/lib/libc_nano.a(lib_a-exit.o)
                              /home/lidong/.xmake/packages/g/gnu-rm/10.2020-q4/2d4596dff08a4f1594fc6460d44da443/bin/../lib/gcc/arm-none-eabi/10.2.1/../../../../arm-none-eabi/lib/crt0.o (exit)
/home/lidong/.xmake/packages/g/gnu-rm/10.2020-q4/2d4596dff08a4f1594fc6460d44da443/bin/../lib/gcc/arm-none-eabi/10.2.1/../../../../arm-none-eabi/lib/libc_nano.a(lib_a-impure.o)
                              /home/lidong/.xmake/packages/g/gnu-rm/10.2020-q4/2d4596dff08a4f1594fc6460d44da443/bin/../lib/gcc/arm-none-eabi/10.2.1/../../../../arm-none-eabi/lib/libc_nano.a(lib_a-exit.o) (_global_impure_ptr)
/home/lidong/.xmake/packages/g/gnu-rm/10.2020-q4/2d4596dff08a4f1594fc6460d44da443/bin/../lib/gcc/arm-none-eabi/10.2.1/../../../../arm-none-eabi/lib/libc_nano.a(lib_a-init.o)
                              /home/lidong/.xmake/packages/g/gnu-rm/10.2020-q4/2d4596dff08a4f1594fc6460d44da443/bin/../lib/gcc/arm-none-eabi/10.2.1/../../../../arm-none-eabi/lib/crt0.o (__libc_init_array)
/home/lidong/.xmake/packages/g/gnu-rm/10.2020-q4/2d4596dff08a4f1594fc6460d44da443/bin/../lib/gcc/arm-none-eabi/10.2.1/../../../../arm-none-eabi/lib/libc_nano.a(lib_a-memset.o)
                              /home/lidong/.xmake/packages/g/gnu-rm/10.2020-q4/2d4596dff08a4f1594fc6460d44da443/bin/../lib/gcc/arm-none-eabi/10.2.1/../../../../arm-none-eabi/lib/crt0.o (memset)
/home/lidong/.xmake/packages/g/gnu-rm/10.2020-q4/2d4596dff08a4f1594fc6460d44da443/bin/../lib/gcc/arm-none-eabi/10.2.1/../../../../arm-none-eabi/lib/libnosys.a(_exit.o)
                              /home/lidong/.xmake/packages/g/gnu-rm/10.2020-q4/2d4596dff08a4f1594fc6460d44da443/bin/../lib/gcc/arm-none-eabi/10.2.1/../../../../arm-none-eabi/lib/libc_nano.a(lib_a-exit.o) (_exit)

Discarded input sections

 .text          0x0000000000000000        0x0 /home/lidong/.xmake/packages/g/gnu-rm/10.2020-q4/2d4596dff08a4f1594fc6460d44da443/bin/../lib/gcc/arm-none-eabi/10.2.1/crti.o
 .data          0x0000000000000000        0x0 /home/lidong/.xmake/packages/g/gnu-rm/10.2020-q4/2d4596dff08a4f1594fc6460d44da443/bin/../lib/gcc/arm-none-eabi/10.2.1/crti.o
 .bss           0x0000000000000000        0x0 /home/lidong/.xmake/packages/g/gnu-rm/10.2020-q4/2d4596dff08a4f1594fc6460d44da443/bin/../lib/gcc/arm-none-eabi/10.2.1/crti.o
 .data          0x0000000000000000        0x4 /home/lidong/.xmake/packages/g/gnu-rm/10.2020-q4/2d4596dff08a4f1594fc6460d44da443/bin/../lib/gcc/arm-none-eabi/10.2.1/crtbegin.o
 .rodata        0x0000000000000000       0x24 /home/lidong/.xmake/packages/g/gnu-rm/10.2020-q4/2d4596dff08a4f1594fc6460d44da443/bin/../lib/gcc/arm-none-eabi/10.2.1/crtbegin.o
 .text          0x0000000000000000      0x138 /home/lidong/.xmake/packages/g/gnu-rm/10.2020-q4/2d4596dff08a4f1594fc6460d44da443/bin/../lib/gcc/arm-none-eabi/10.2.1/../../../../arm-none-eabi/lib/crt0.o
 .data          0x0000000000000000        0x0 /home/lidong/.xmake/packages/g/gnu-rm/10.2020-q4/2d4596dff08a4f1594fc6460d44da443/bin/../lib/gcc/arm-none-eabi/10.2.1/../../../../arm-none-eabi/lib/crt0.o
 .bss           0x0000000000000000        0x0 /home/lidong/.xmake/packages/g/gnu-rm/10.2020-q4/2d4596dff08a4f1594fc6460d44da443/bin/../lib/gcc/arm-none-eabi/10.2.1/../../../../arm-none-eabi/lib/crt0.o
 .ARM.extab     0x0000000000000000        0x0 /home/lidong/.xmake/packages/g/gnu-rm/10.2020-q4/2d4596dff08a4f1594fc6460d44da443/bin/../lib/gcc/arm-none-eabi/10.2.1/../../../../arm-none-eabi/lib/crt0.o
 .ARM.exidx     0x0000000000000000       0x10 /home/lidong/.xmake/packages/g/gnu-rm/10.2020-q4/2d4596dff08a4f1594fc6460d44da443/bin/../lib/gcc/arm-none-eabi/10.2.1/../../../../arm-none-eabi/lib/crt0.o
 .ARM.attributes
                0x0000000000000000       0x1a /home/lidong/.xmake/packages/g/gnu-rm/10.2020-q4/2d4596dff08a4f1594fc6460d44da443/bin/../lib/gcc/arm-none-eabi/10.2.1/../../../../arm-none-eabi/lib/crt0.o
 .text          0x0000000000000000       0x14 build/.objs/lora-xmake/cross/none/release/vendor/bsp/startup/gcc/startup_gd32e10x.s.o
 .data          0x0000000000000000        0x0 build/.objs/lora-xmake/cross/none/release/vendor/bsp/startup/gcc/startup_gd32e10x.s.o
 .bss           0x0000000000000000        0x0 build/.objs/lora-xmake/cross/none/release/vendor/bsp/startup/gcc/startup_gd32e10x.s.o
 .text          0x0000000000000000        0x0 build/.objs/lora-xmake/cross/none/release/src/aaaa.c.o
 .data          0x0000000000000000        0x0 build/.objs/lora-xmake/cross/none/release/src/aaaa.c.o
 .bss           0x0000000000000000        0x0 build/.objs/lora-xmake/cross/none/release/src/aaaa.c.o
 .comment       0x0000000000000000       0x4e build/.objs/lora-xmake/cross/none/release/src/aaaa.c.o
 .ARM.attributes
                0x0000000000000000       0x33 build/.objs/lora-xmake/cross/none/release/src/aaaa.c.o
[...]
Memory Configuration

Name             Origin             Length             Attributes
CODE             0x0000000008000000 0x0000000000020000 xr
DATA             0x0000000020000000 0x0000000000008000 rw
*default*        0x0000000000000000 0xffffffffffffffff

Linker script and memory map

LOAD /home/lidong/.xmake/packages/g/gnu-rm/10.2020-q4/2d4596dff08a4f1594fc6460d44da443/bin/../lib/gcc/arm-none-eabi/10.2.1/crti.o
LOAD /home/lidong/.xmake/packages/g/gnu-rm/10.2020-q4/2d4596dff08a4f1594fc6460d44da443/bin/../lib/gcc/arm-none-eabi/10.2.1/crtbegin.o
LOAD /home/lidong/.xmake/packages/g/gnu-rm/10.2020-q4/2d4596dff08a4f1594fc6460d44da443/bin/../lib/gcc/arm-none-eabi/10.2.1/../../../../arm-none-eabi/lib/crt0.o
LOAD build/.objs/lora-xmake/cross/none/release/vendor/bsp/startup/gcc/startup_gd32e10x.s.o
LOAD build/.objs/lora-xmake/cross/none/release/src/aaaa.c.o
LOAD build/.objs/lora-xmake/cross/none/release/vendor/bsp/Library/GD32E10x_standard_peripheral/Source/gd32e10x_i2c.c.o
LOAD build/.objs/lora-xmake/cross/none/release/vendor/bsp/Library/GD32E10x_standard_peripheral/Source/gd32e10x_adc.c.o
LOAD build/.objs/lora-xmake/cross/none/release/vendor/bsp/Library/GD32E10x_standard_peripheral/Source/gd32e10x_usart.c.o
LOAD build/.objs/lora-xmake/cross/none/release/vendor/bsp/Library/GD32E10x_standard_peripheral/Source/gd32e10x_bkp.c.o
LOAD build/.objs/lora-xmake/cross/none/release/vendor/bsp/Library/GD32E10x_standard_peripheral/Source/gd32e10x_exmc.c.o
LOAD build/.objs/lora-xmake/cross/none/release/vendor/bsp/Library/GD32E10x_standard_peripheral/Source/gd32e10x_fwdgt.c.o
LOAD build/.objs/lora-xmake/cross/none/release/vendor/bsp/Library/GD32E10x_standard_peripheral/Source/gd32e10x_wwdgt.c.o
LOAD build/.objs/lora-xmake/cross/none/release/vendor/bsp/Library/GD32E10x_standard_peripheral/Source/gd32e10x_rcu.c.o
LOAD build/.objs/lora-xmake/cross/none/release/vendor/bsp/Library/GD32E10x_standard_peripheral/Source/gd32e10x_pmu.c.o
LOAD build/.objs/lora-xmake/cross/none/release/vendor/bsp/Library/GD32E10x_standard_peripheral/Source/gd32e10x_misc.c.o
LOAD build/.objs/lora-xmake/cross/none/release/vendor/bsp/Library/GD32E10x_standard_peripheral/Source/gd32e10x_timer.c.o
LOAD build/.objs/lora-xmake/cross/none/release/vendor/bsp/Library/GD32E10x_standard_peripheral/Source/gd32e10x_dac.c.o
LOAD build/.objs/lora-xmake/cross/none/release/vendor/bsp/Library/GD32E10x_standard_peripheral/Source/gd32e10x_gpio.c.o
LOAD build/.objs/lora-xmake/cross/none/release/vendor/bsp/Library/GD32E10x_standard_peripheral/Source/gd32e10x_spi.c.o
LOAD build/.objs/lora-xmake/cross/none/release/vendor/bsp/Library/GD32E10x_standard_peripheral/Source/gd32e10x_rtc.c.o
LOAD build/.objs/lora-xmake/cross/none/release/vendor/bsp/Library/GD32E10x_standard_peripheral/Source/gd32e10x_fmc.c.o
LOAD build/.objs/lora-xmake/cross/none/release/vendor/bsp/Library/GD32E10x_standard_peripheral/Source/gd32e10x_exti.c.o
LOAD build/.objs/lora-xmake/cross/none/release/vendor/bsp/Library/GD32E10x_standard_peripheral/Source/gd32e10x_dma.c.o
LOAD build/.objs/lora-xmake/cross/none/release/vendor/bsp/Library/GD32E10x_standard_peripheral/Source/gd32e10x_dbg.c.o
LOAD build/.objs/lora-xmake/cross/none/release/vendor/bsp/Library/GD32E10x_standard_peripheral/Source/gd32e10x_ctc.c.o
LOAD build/.objs/lora-xmake/cross/none/release/vendor/bsp/Library/GD32E10x_standard_peripheral/Source/gd32e10x_crc.c.o
LOAD build/.objs/lora-xmake/cross/none/release/vendor/bsp/Library/CMSIS/GD/GD32E10x/Source/system_gd32e10x.c.o
LOAD build/.objs/lora-xmake/cross/none/release/vendor/bsp/main.c.o
LOAD build/cross/none/release/librtthread.a
LOAD /home/lidong/.xmake/packages/g/gnu-rm/10.2020-q4/2d4596dff08a4f1594fc6460d44da443/bin/../lib/gcc/arm-none-eabi/10.2.1/../../../../arm-none-eabi/lib/libstdc++_nano.a
LOAD /home/lidong/.xmake/packages/g/gnu-rm/10.2020-q4/2d4596dff08a4f1594fc6460d44da443/bin/../lib/gcc/arm-none-eabi/10.2.1/../../../../arm-none-eabi/lib/libm.a
LOAD /home/lidong/.xmake/packages/g/gnu-rm/10.2020-q4/2d4596dff08a4f1594fc6460d44da443/bin/../lib/gcc/arm-none-eabi/10.2.1/../../../../arm-none-eabi/lib/libc_nano.a
START GROUP
LOAD /home/lidong/.xmake/packages/g/gnu-rm/10.2020-q4/2d4596dff08a4f1594fc6460d44da443/bin/../lib/gcc/arm-none-eabi/10.2.1/libgcc.a
LOAD /home/lidong/.xmake/packages/g/gnu-rm/10.2020-q4/2d4596dff08a4f1594fc6460d44da443/bin/../lib/gcc/arm-none-eabi/10.2.1/../../../../arm-none-eabi/lib/libc_nano.a
END GROUP
START GROUP
LOAD /home/lidong/.xmake/packages/g/gnu-rm/10.2020-q4/2d4596dff08a4f1594fc6460d44da443/bin/../lib/gcc/arm-none-eabi/10.2.1/libgcc.a
LOAD /home/lidong/.xmake/packages/g/gnu-rm/10.2020-q4/2d4596dff08a4f1594fc6460d44da443/bin/../lib/gcc/arm-none-eabi/10.2.1/../../../../arm-none-eabi/lib/libc_nano.a
LOAD /home/lidong/.xmake/packages/g/gnu-rm/10.2020-q4/2d4596dff08a4f1594fc6460d44da443/bin/../lib/gcc/arm-none-eabi/10.2.1/../../../../arm-none-eabi/lib/libnosys.a
END GROUP
START GROUP
LOAD /home/lidong/.xmake/packages/g/gnu-rm/10.2020-q4/2d4596dff08a4f1594fc6460d44da443/bin/../lib/gcc/arm-none-eabi/10.2.1/libgcc.a
LOAD /home/lidong/.xmake/packages/g/gnu-rm/10.2020-q4/2d4596dff08a4f1594fc6460d44da443/bin/../lib/gcc/arm-none-eabi/10.2.1/../../../../arm-none-eabi/lib/libc_nano.a
LOAD /home/lidong/.xmake/packages/g/gnu-rm/10.2020-q4/2d4596dff08a4f1594fc6460d44da443/bin/../lib/gcc/arm-none-eabi/10.2.1/../../../../arm-none-eabi/lib/libnosys.a
END GROUP
LOAD /home/lidong/.xmake/packages/g/gnu-rm/10.2020-q4/2d4596dff08a4f1594fc6460d44da443/bin/../lib/gcc/arm-none-eabi/10.2.1/crtend.o
LOAD /home/lidong/.xmake/packages/g/gnu-rm/10.2020-q4/2d4596dff08a4f1594fc6460d44da443/bin/../lib/gcc/arm-none-eabi/10.2.1/crtn.o
                0x0000000000000200                _system_stack_size = 0x200

.isr_vector     0x0000000008000000      0x150
                0x0000000008000000                . = ALIGN (0x4)
 *(.isr_vector)
 .isr_vector    0x0000000008000000      0x150 build/.objs/lora-xmake/cross/none/release/vendor/bsp/startup/gcc/startup_gd32e10x.s.o
                0x0000000008000000                g_pfnVectors
                0x0000000008000150                . = ALIGN (0x4)

.eh_frame       0x0000000008000150        0x0
 .eh_frame      0x0000000008000150        0x0 /home/lidong/.xmake/packages/g/gnu-rm/10.2020-q4/2d4596dff08a4f1594fc6460d44da443/bin/../lib/gcc/arm-none-eabi/10.2.1/crtbegin.o

.text           0x0000000008000150      0x33c
                0x0000000008000150                . = ALIGN (0x4)
 *(.text)
 .text          0x0000000008000150       0x70 /home/lidong/.xmake/packages/g/gnu-rm/10.2020-q4/2d4596dff08a4f1594fc6460d44da443/bin/../lib/gcc/arm-none-eabi/10.2.1/crtbegin.o
 *(.text*)
 .text.Reset_Handler
                0x00000000080001c0       0x50 build/.objs/lora-xmake/cross/none/release/vendor/bsp/startup/gcc/startup_gd32e10x.s.o
                0x00000000080001c0                Reset_Handler
 .text.Default_Handler
                0x0000000008000210        0x2 build/.objs/lora-xmake/cross/none/release/vendor/bsp/startup/gcc/startup_gd32e10x.s.o
                0x0000000008000210                RTC_Alarm_IRQHandler
                0x0000000008000210                EXTI2_IRQHandler
                0x0000000008000210                TIMER2_IRQHandler
                0x0000000008000210                TIMER5_IRQHandler
                0x0000000008000210                DebugMon_Handler
                0x0000000008000210                LVD_IRQHandler
                0x0000000008000210                CAN1_EWMC_IRQHandler
                0x0000000008000210                HardFault_Handler
                0x0000000008000210                TIMER7_UP_TIMER12_IRQHandler
                0x0000000008000210                ADC0_1_IRQHandler
                0x0000000008000210                SysTick_Handler
                0x0000000008000210                PendSV_Handler
                0x0000000008000210                NMI_Handler
                0x0000000008000210                EXTI3_IRQHandler
                0x0000000008000210                USBFS_WKUP_IRQHandler
                0x0000000008000210                TIMER0_TRG_CMT_TIMER10_IRQHandler
                0x0000000008000210                USBFS_IRQHandler
                0x0000000008000210                TIMER3_IRQHandler
                0x0000000008000210                DMA0_Channel6_IRQHandler
                0x0000000008000210                I2C0_EV_IRQHandler
                0x0000000008000210                EXTI0_IRQHandler
                0x0000000008000210                CAN1_RX0_IRQHandler
                0x0000000008000210                TIMER7_TRG_CMT_TIMER13_IRQHandler
                0x0000000008000210                UsageFault_Handler
                0x0000000008000210                TIMER4_IRQHandler
                0x0000000008000210                SPI1_IRQHandler
                0x0000000008000210                DMA0_Channel0_IRQHandler
                0x0000000008000210                TAMPER_IRQHandler
                0x0000000008000210                TIMER0_BRK_TIMER8_IRQHandler
                0x0000000008000210                DMA1_Channel0_IRQHandler
                0x0000000008000210                TIMER7_BRK_TIMER11_IRQHandler
                0x0000000008000210                TIMER6_IRQHandler
                0x0000000008000210                DMA1_Channel4_IRQHandler
                0x0000000008000210                DMA0_Channel3_IRQHandler
                0x0000000008000210                I2C0_ER_IRQHandler
                0x0000000008000210                TIMER0_UP_TIMER9_IRQHandler
                0x0000000008000210                RTC_IRQHandler
                0x0000000008000210                CAN1_RX1_IRQHandler
                0x0000000008000210                DMA0_Channel2_IRQHandler
                0x0000000008000210                TIMER1_IRQHandler
                0x0000000008000210                I2C1_EV_IRQHandler
                0x0000000008000210                UART4_IRQHandler
                0x0000000008000210                EXTI10_15_IRQHandler
                0x0000000008000210                DMA1_Channel1_IRQHandler
                0x0000000008000210                Default_Handler
                0x0000000008000210                TIMER7_Channel_IRQHandler
                0x0000000008000210                WWDGT_IRQHandler
                0x0000000008000210                EXMC_IRQHandler
                0x0000000008000210                SPI2_IRQHandler
                0x0000000008000210                MemManage_Handler
                0x0000000008000210                CAN1_TX_IRQHandler
                0x0000000008000210                SVC_Handler
                0x0000000008000210                RCU_CTC_IRQHandler
                0x0000000008000210                EXTI4_IRQHandler
                0x0000000008000210                CAN0_RX1_IRQHandler
                0x0000000008000210                DMA0_Channel5_IRQHandler
                0x0000000008000210                DMA1_Channel3_IRQHandler
                0x0000000008000210                EXTI5_9_IRQHandler
                0x0000000008000210                DMA0_Channel1_IRQHandler
                0x0000000008000210                TIMER0_Channel_IRQHandler
                0x0000000008000210                EXTI1_IRQHandler
                0x0000000008000210                SPI0_IRQHandler
                0x0000000008000210                USART2_IRQHandler
                0x0000000008000210                CAN0_EWMC_IRQHandler
                0x0000000008000210                CAN0_RX0_IRQHandler
                0x0000000008000210                DMA1_Channel2_IRQHandler
                0x0000000008000210                BusFault_Handler
                0x0000000008000210                USART1_IRQHandler
                0x0000000008000210                UART3_IRQHandler
                0x0000000008000210                I2C1_ER_IRQHandler
                0x0000000008000210                FMC_IRQHandler
                0x0000000008000210                DMA0_Channel4_IRQHandler
 *fill*         0x0000000008000212        0x2 
 .text.nvic_vector_table_set
                0x0000000008000214       0x24 build/.objs/lora-xmake/cross/none/release/vendor/bsp/Library/GD32E10x_standard_peripheral/Source/gd32e10x_misc.c.o
                0x0000000008000214                nvic_vector_table_set
 .text.SystemInit
                0x0000000008000238       0x74 build/.objs/lora-xmake/cross/none/release/vendor/bsp/Library/CMSIS/GD/GD32E10x/Source/system_gd32e10x.c.o
                0x0000000008000238                SystemInit
 .text.system_clock_config
                0x00000000080002ac        0xa build/.objs/lora-xmake/cross/none/release/vendor/bsp/Library/CMSIS/GD/GD32E10x/Source/system_gd32e10x.c.o
 *fill*         0x00000000080002b6        0x2 
 .text.system_clock_120m_hxtal
                0x00000000080002b8      0x124 build/.objs/lora-xmake/cross/none/release/vendor/bsp/Library/CMSIS/GD/GD32E10x/Source/system_gd32e10x.c.o
 .text.__libc_init_array
                0x00000000080003dc       0x80 /home/lidong/.xmake/packages/g/gnu-rm/10.2020-q4/2d4596dff08a4f1594fc6460d44da443/bin/../lib/gcc/arm-none-eabi/10.2.1/../../../../arm-none-eabi/lib/libc_nano.a(lib_a-init.o)
                0x00000000080003dc                __libc_init_array
 *(.rodata)
 *(.rodata*)
 *(.glue_7)
 .glue_7        0x000000000800045c        0x0 linker stubs
 *(.glue_7t)
 .glue_7t       0x000000000800045c        0x0 linker stubs
 *(.gnu.linkonce.t*)
 *(.init)
 .init          0x000000000800045c        0xc /home/lidong/.xmake/packages/g/gnu-rm/10.2020-q4/2d4596dff08a4f1594fc6460d44da443/bin/../lib/gcc/arm-none-eabi/10.2.1/crti.o
                0x000000000800045c                _init
 .init          0x0000000008000468        0xc /home/lidong/.xmake/packages/g/gnu-rm/10.2020-q4/2d4596dff08a4f1594fc6460d44da443/bin/../lib/gcc/arm-none-eabi/10.2.1/crtn.o
 *(.fini)
 .fini          0x0000000008000474        0xc /home/lidong/.xmake/packages/g/gnu-rm/10.2020-q4/2d4596dff08a4f1594fc6460d44da443/bin/../lib/gcc/arm-none-eabi/10.2.1/crti.o
                0x0000000008000474                _fini
 .fini          0x0000000008000480        0xc /home/lidong/.xmake/packages/g/gnu-rm/10.2020-q4/2d4596dff08a4f1594fc6460d44da443/bin/../lib/gcc/arm-none-eabi/10.2.1/crtn.o
                0x000000000800048c                . = ALIGN (0x4)
                0x000000000800048c                __fsymtab_start = .
 *(FSymTab)
                0x000000000800048c                __fsymtab_end = .
                0x000000000800048c                . = ALIGN (0x4)
                0x000000000800048c                __vsymtab_start = .
 *(VSymTab)
                0x000000000800048c                __vsymtab_end = .
                0x000000000800048c                . = ALIGN (0x4)
                0x000000000800048c                __rt_init_start = .
 *(SORT_BY_NAME(.rti_fn*))
                0x000000000800048c                __rt_init_end = .
                0x000000000800048c                . = ALIGN (0x4)
                0x000000000800048c                _etext = .

.vfp11_veneer   0x000000000800048c        0x0
 .vfp11_veneer  0x000000000800048c        0x0 linker stubs

.v4_bx          0x000000000800048c        0x0
 .v4_bx         0x000000000800048c        0x0 linker stubs

.iplt           0x000000000800048c        0x0
 .iplt          0x000000000800048c        0x0 /home/lidong/.xmake/packages/g/gnu-rm/10.2020-q4/2d4596dff08a4f1594fc6460d44da443/bin/../lib/gcc/arm-none-eabi/10.2.1/crtbegin.o

.rel.dyn        0x000000000800048c        0x0
 .rel.iplt      0x000000000800048c        0x0 /home/lidong/.xmake/packages/g/gnu-rm/10.2020-q4/2d4596dff08a4f1594fc6460d44da443/bin/../lib/gcc/arm-none-eabi/10.2.1/crtbegin.o

.ARM.extab
 *(.ARM.extab* .gnu.linkonce.armextab.*)
                0x000000000800048c                __exidx_start = .

.ARM.exidx
 *(.ARM.exidx* .gnu.linkonce.armexidx.*)
                0x000000000800048c                __exidx_end = .

.preinit_array  0x000000000800048c        0x0
                0x000000000800048c                PROVIDE (__preinit_array_start = .)
 *(.preinit_array*)
                0x000000000800048c                PROVIDE (__preinit_array_end = .)

.init_array     0x000000000800048c        0x4
                0x000000000800048c                PROVIDE (__init_array_start = .)
 *(SORT_BY_NAME(.init_array.*))
 *(.init_array*)
 .init_array    0x000000000800048c        0x4 /home/lidong/.xmake/packages/g/gnu-rm/10.2020-q4/2d4596dff08a4f1594fc6460d44da443/bin/../lib/gcc/arm-none-eabi/10.2.1/crtbegin.o
                0x0000000008000490                PROVIDE (__init_array_end = .)

.fini_array     0x0000000008000490        0x4
                [!provide]                        PROVIDE (__fini_array_start = .)
 *(.fini_array*)
 .fini_array    0x0000000008000490        0x4 /home/lidong/.xmake/packages/g/gnu-rm/10.2020-q4/2d4596dff08a4f1594fc6460d44da443/bin/../lib/gcc/arm-none-eabi/10.2.1/crtbegin.o
 *(SORT_BY_NAME(.fini_array.*))
                [!provide]                        PROVIDE (__fini_array_end = .)
                0x0000000008000494                _sidata = .

.data           0x0000000020000000        0x0 load address 0x0000000008000494
                0x0000000020000000                . = ALIGN (0x4)
                0x0000000020000000                _sdata = .
 *(.data)
 *(.data*)
 *(.gnu.linkonce.d*)
                0x0000000020000000                . = ALIGN (0x4)
                0x0000000020000000                _edata = .

.igot.plt       0x0000000020000000        0x0
 .igot.plt      0x0000000020000000        0x0 /home/lidong/.xmake/packages/g/gnu-rm/10.2020-q4/2d4596dff08a4f1594fc6460d44da443/bin/../lib/gcc/arm-none-eabi/10.2.1/crtbegin.o

.stack          0x0000000020000000      0x200
                0x0000000020000200                . = (. + _system_stack_size)
 *fill*         0x0000000020000000      0x200 
                0x0000000020000200                . = ALIGN (0x4)
                0x0000000020000200                _estack = .
                0x0000000020000200                . = ALIGN (0x4)

.bss            0x0000000020000200       0x1c
                0x0000000020000200                _sbss = .
                0x0000000020000200                __bss_start__ = _sbss
 *(.bss)
 .bss           0x0000000020000200       0x1c /home/lidong/.xmake/packages/g/gnu-rm/10.2020-q4/2d4596dff08a4f1594fc6460d44da443/bin/../lib/gcc/arm-none-eabi/10.2.1/crtbegin.o
 *(.bss*)
 *(COMMON)
                0x000000002000021c                . = ALIGN (0x4)
                0x000000002000021c                _ebss = .
                0x000000002000021c                __bss_end__ = _ebss
                [!provide]                        PROVIDE (end = _ebss)
                [!provide]                        PROVIDE (_end = _ebss)

.stab
 *(.stab)

.stabstr
 *(.stabstr)

.stab.excl
 *(.stab.excl)

.stab.exclstr
 *(.stab.exclstr)

.stab.index
 *(.stab.index)

.stab.indexstr
 *(.stab.indexstr)

.comment        0x0000000000000000       0x4d
 *(.comment)
 .comment       0x0000000000000000       0x4d build/.objs/lora-xmake/cross/none/release/vendor/bsp/Library/GD32E10x_standard_peripheral/Source/gd32e10x_misc.c.o
                                         0x4e (size before relaxing)
 .comment       0x000000000000004d       0x4e build/.objs/lora-xmake/cross/none/release/vendor/bsp/Library/CMSIS/GD/GD32E10x/Source/system_gd32e10x.c.o

.ARM.attributes
                0x0000000000000000       0x35
 .ARM.attributes
                0x0000000000000000       0x1c /home/lidong/.xmake/packages/g/gnu-rm/10.2020-q4/2d4596dff08a4f1594fc6460d44da443/bin/../lib/gcc/arm-none-eabi/10.2.1/crti.o
 .ARM.attributes
                0x000000000000001c       0x2a /home/lidong/.xmake/packages/g/gnu-rm/10.2020-q4/2d4596dff08a4f1594fc6460d44da443/bin/../lib/gcc/arm-none-eabi/10.2.1/crtbegin.o
 .ARM.attributes
                0x0000000000000046       0x21 build/.objs/lora-xmake/cross/none/release/vendor/bsp/startup/gcc/startup_gd32e10x.s.o
 .ARM.attributes
                0x0000000000000067       0x2e build/.objs/lora-xmake/cross/none/release/vendor/bsp/Library/GD32E10x_standard_peripheral/Source/gd32e10x_misc.c.o
 .ARM.attributes
                0x0000000000000095       0x2e build/.objs/lora-xmake/cross/none/release/vendor/bsp/Library/CMSIS/GD/GD32E10x/Source/system_gd32e10x.c.o
 .ARM.attributes
                0x00000000000000c3       0x2a /home/lidong/.xmake/packages/g/gnu-rm/10.2020-q4/2d4596dff08a4f1594fc6460d44da443/bin/../lib/gcc/arm-none-eabi/10.2.1/../../../../arm-none-eabi/lib/libc_nano.a(lib_a-init.o)
 .ARM.attributes
                0x00000000000000ed       0x1c /home/lidong/.xmake/packages/g/gnu-rm/10.2020-q4/2d4596dff08a4f1594fc6460d44da443/bin/../lib/gcc/arm-none-eabi/10.2.1/crtn.o

.debug
 *(.debug)

.line
 *(.line)

.debug_srcinfo
 *(.debug_srcinfo)

.debug_sfnames
 *(.debug_sfnames)

.debug_aranges
 *(.debug_aranges)

.debug_pubnames
 *(.debug_pubnames)

.debug_info
 *(.debug_info .gnu.linkonce.wi.*)

.debug_abbrev
 *(.debug_abbrev)

.debug_line
 *(.debug_line)

.debug_frame    0x0000000000000000       0x38
 *(.debug_frame)
 .debug_frame   0x0000000000000000       0x38 /home/lidong/.xmake/packages/g/gnu-rm/10.2020-q4/2d4596dff08a4f1594fc6460d44da443/bin/../lib/gcc/arm-none-eabi/10.2.1/../../../../arm-none-eabi/lib/libc_nano.a(lib_a-init.o)

.debug_str
 *(.debug_str)

.debug_loc
 *(.debug_loc)

.debug_macinfo
 *(.debug_macinfo)

.debug_weaknames
 *(.debug_weaknames)

.debug_funcnames
 *(.debug_funcnames)

.debug_typenames
 *(.debug_typenames)

.debug_varnames
 *(.debug_varnames)
OUTPUT(build/cross/none/release/lora-xmake elf32-littlearm)
LOAD linker stubs

Cross Reference Table

Symbol                                            File
ADC0_1_IRQHandler                                 build/.objs/lora-xmake/cross/none/release/vendor/bsp/startup/gcc/startup_gd32e10x.s.o
BusFault_Handler                                  build/.objs/lora-xmake/cross/none/release/vendor/bsp/startup/gcc/startup_gd32e10x.s.o
CAN0_EWMC_IRQHandler                              build/.objs/lora-xmake/cross/none/release/vendor/bsp/startup/gcc/startup_gd32e10x.s.o
CAN0_RX0_IRQHandler                               build/.objs/lora-xmake/cross/none/release/vendor/bsp/startup/gcc/startup_gd32e10x.s.o
CAN0_RX1_IRQHandler                               build/.objs/lora-xmake/cross/none/release/vendor/bsp/startup/gcc/startup_gd32e10x.s.o
CAN0_TX_IRQHandler                                build/.objs/lora-xmake/cross/none/release/vendor/bsp/startup/gcc/startup_gd32e10x.s.o
CAN1_EWMC_IRQHandler                              build/.objs/lora-xmake/cross/none/release/vendor/bsp/startup/gcc/startup_gd32e10x.s.o
CAN1_RX0_IRQHandler                               build/.objs/lora-xmake/cross/none/release/vendor/bsp/startup/gcc/startup_gd32e10x.s.o
CAN1_RX1_IRQHandler                               build/.objs/lora-xmake/cross/none/release/vendor/bsp/startup/gcc/startup_gd32e10x.s.o
CAN1_TX_IRQHandler                                build/.objs/lora-xmake/cross/none/release/vendor/bsp/startup/gcc/startup_gd32e10x.s.o
DMA0_Channel0_IRQHandler                          build/.objs/lora-xmake/cross/none/release/vendor/bsp/startup/gcc/startup_gd32e10x.s.o
DMA0_Channel1_IRQHandler                          build/.objs/lora-xmake/cross/none/release/vendor/bsp/startup/gcc/startup_gd32e10x.s.o
DMA0_Channel2_IRQHandler                          build/.objs/lora-xmake/cross/none/release/vendor/bsp/startup/gcc/startup_gd32e10x.s.o
DMA0_Channel3_IRQHandler                          build/.objs/lora-xmake/cross/none/release/vendor/bsp/startup/gcc/startup_gd32e10x.s.o
DMA0_Channel4_IRQHandler                          build/.objs/lora-xmake/cross/none/release/vendor/bsp/startup/gcc/startup_gd32e10x.s.o
DMA0_Channel5_IRQHandler                          build/.objs/lora-xmake/cross/none/release/vendor/bsp/startup/gcc/startup_gd32e10x.s.o
DMA0_Channel6_IRQHandler                          build/.objs/lora-xmake/cross/none/release/vendor/bsp/startup/gcc/startup_gd32e10x.s.o
DMA1_Channel0_IRQHandler                          build/.objs/lora-xmake/cross/none/release/vendor/bsp/startup/gcc/startup_gd32e10x.s.o
DMA1_Channel1_IRQHandler                          build/.objs/lora-xmake/cross/none/release/vendor/bsp/startup/gcc/startup_gd32e10x.s.o
DMA1_Channel2_IRQHandler                          build/.objs/lora-xmake/cross/none/release/vendor/bsp/startup/gcc/startup_gd32e10x.s.o
DMA1_Channel3_IRQHandler                          build/.objs/lora-xmake/cross/none/release/vendor/bsp/startup/gcc/startup_gd32e10x.s.o
DMA1_Channel4_IRQHandler                          build/.objs/lora-xmake/cross/none/release/vendor/bsp/startup/gcc/startup_gd32e10x.s.o
DebugMon_Handler                                  build/.objs/lora-xmake/cross/none/release/vendor/bsp/startup/gcc/startup_gd32e10x.s.o
Default_Handler                                   build/.objs/lora-xmake/cross/none/release/vendor/bsp/startup/gcc/startup_gd32e10x.s.o
EXMC_IRQHandler                                   build/.objs/lora-xmake/cross/none/release/vendor/bsp/startup/gcc/startup_gd32e10x.s.o
EXTI0_IRQHandler                                  build/.objs/lora-xmake/cross/none/release/vendor/bsp/startup/gcc/startup_gd32e10x.s.o
EXTI10_15_IRQHandler                              build/.objs/lora-xmake/cross/none/release/vendor/bsp/startup/gcc/startup_gd32e10x.s.o
EXTI1_IRQHandler                                  build/.objs/lora-xmake/cross/none/release/vendor/bsp/startup/gcc/startup_gd32e10x.s.o
EXTI2_IRQHandler                                  build/.objs/lora-xmake/cross/none/release/vendor/bsp/startup/gcc/startup_gd32e10x.s.o
EXTI3_IRQHandler                                  build/.objs/lora-xmake/cross/none/release/vendor/bsp/startup/gcc/startup_gd32e10x.s.o
EXTI4_IRQHandler                                  build/.objs/lora-xmake/cross/none/release/vendor/bsp/startup/gcc/startup_gd32e10x.s.o
EXTI5_9_IRQHandler                                build/.objs/lora-xmake/cross/none/release/vendor/bsp/startup/gcc/startup_gd32e10x.s.o
FMC_IRQHandler                                    build/.objs/lora-xmake/cross/none/release/vendor/bsp/startup/gcc/startup_gd32e10x.s.o
HardFault_Handler                                 build/.objs/lora-xmake/cross/none/release/vendor/bsp/startup/gcc/startup_gd32e10x.s.o
I2C0_ER_IRQHandler                                build/.objs/lora-xmake/cross/none/release/vendor/bsp/startup/gcc/startup_gd32e10x.s.o
I2C0_EV_IRQHandler                                build/.objs/lora-xmake/cross/none/release/vendor/bsp/startup/gcc/startup_gd32e10x.s.o
I2C1_ER_IRQHandler                                build/.objs/lora-xmake/cross/none/release/vendor/bsp/startup/gcc/startup_gd32e10x.s.o
I2C1_EV_IRQHandler                                build/.objs/lora-xmake/cross/none/release/vendor/bsp/startup/gcc/startup_gd32e10x.s.o
LVD_IRQHandler                                    build/.objs/lora-xmake/cross/none/release/vendor/bsp/startup/gcc/startup_gd32e10x.s.o
MemManage_Handler                                 build/.objs/lora-xmake/cross/none/release/vendor/bsp/startup/gcc/startup_gd32e10x.s.o
NMI_Handler                                       build/.objs/lora-xmake/cross/none/release/vendor/bsp/startup/gcc/startup_gd32e10x.s.o
PendSV_Handler                                    build/.objs/lora-xmake/cross/none/release/vendor/bsp/startup/gcc/startup_gd32e10x.s.o
RCU_CTC_IRQHandler                                build/.objs/lora-xmake/cross/none/release/vendor/bsp/startup/gcc/startup_gd32e10x.s.o
RTC_Alarm_IRQHandler                              build/.objs/lora-xmake/cross/none/release/vendor/bsp/startup/gcc/startup_gd32e10x.s.o
RTC_IRQHandler                                    build/.objs/lora-xmake/cross/none/release/vendor/bsp/startup/gcc/startup_gd32e10x.s.o
Reset_Handler                                     build/.objs/lora-xmake/cross/none/release/vendor/bsp/startup/gcc/startup_gd32e10x.s.o
SPI0_IRQHandler                                   build/.objs/lora-xmake/cross/none/release/vendor/bsp/startup/gcc/startup_gd32e10x.s.o
SPI1_IRQHandler                                   build/.objs/lora-xmake/cross/none/release/vendor/bsp/startup/gcc/startup_gd32e10x.s.o
SPI2_IRQHandler                                   build/.objs/lora-xmake/cross/none/release/vendor/bsp/startup/gcc/startup_gd32e10x.s.o
SVC_Handler                                       build/.objs/lora-xmake/cross/none/release/vendor/bsp/startup/gcc/startup_gd32e10x.s.o
SysTick_Handler                                   build/.objs/lora-xmake/cross/none/release/vendor/bsp/startup/gcc/startup_gd32e10x.s.o
SystemCoreClock                                   build/.objs/lora-xmake/cross/none/release/vendor/bsp/Library/CMSIS/GD/GD32E10x/Source/system_gd32e10x.c.o
SystemCoreClockUpdate                             build/.objs/lora-xmake/cross/none/release/vendor/bsp/Library/CMSIS/GD/GD32E10x/Source/system_gd32e10x.c.o
SystemInit                                        build/.objs/lora-xmake/cross/none/release/vendor/bsp/Library/CMSIS/GD/GD32E10x/Source/system_gd32e10x.c.o
                                                  build/.objs/lora-xmake/cross/none/release/vendor/bsp/startup/gcc/startup_gd32e10x.s.o
TAMPER_IRQHandler                                 build/.objs/lora-xmake/cross/none/release/vendor/bsp/startup/gcc/startup_gd32e10x.s.o
TIMER0_BRK_TIMER8_IRQHandler                      build/.objs/lora-xmake/cross/none/release/vendor/bsp/startup/gcc/startup_gd32e10x.s.o
TIMER0_Channel_IRQHandler                         build/.objs/lora-xmake/cross/none/release/vendor/bsp/startup/gcc/startup_gd32e10x.s.o
TIMER0_TRG_CMT_TIMER10_IRQHandler                 build/.objs/lora-xmake/cross/none/release/vendor/bsp/startup/gcc/startup_gd32e10x.s.o
TIMER0_UP_TIMER9_IRQHandler                       build/.objs/lora-xmake/cross/none/release/vendor/bsp/startup/gcc/startup_gd32e10x.s.o
TIMER1_IRQHandler                                 build/.objs/lora-xmake/cross/none/release/vendor/bsp/startup/gcc/startup_gd32e10x.s.o
TIMER2_IRQHandler                                 build/.objs/lora-xmake/cross/none/release/vendor/bsp/startup/gcc/startup_gd32e10x.s.o
TIMER3_IRQHandler                                 build/.objs/lora-xmake/cross/none/release/vendor/bsp/startup/gcc/startup_gd32e10x.s.o
TIMER4_IRQHandler                                 build/.objs/lora-xmake/cross/none/release/vendor/bsp/startup/gcc/startup_gd32e10x.s.o
TIMER5_IRQHandler                                 build/.objs/lora-xmake/cross/none/release/vendor/bsp/startup/gcc/startup_gd32e10x.s.o
TIMER6_IRQHandler                                 build/.objs/lora-xmake/cross/none/release/vendor/bsp/startup/gcc/startup_gd32e10x.s.o
TIMER7_BRK_TIMER11_IRQHandler                     build/.objs/lora-xmake/cross/none/release/vendor/bsp/startup/gcc/startup_gd32e10x.s.o
TIMER7_Channel_IRQHandler                         build/.objs/lora-xmake/cross/none/release/vendor/bsp/startup/gcc/startup_gd32e10x.s.o
TIMER7_TRG_CMT_TIMER13_IRQHandler                 build/.objs/lora-xmake/cross/none/release/vendor/bsp/startup/gcc/startup_gd32e10x.s.o
TIMER7_UP_TIMER12_IRQHandler                      build/.objs/lora-xmake/cross/none/release/vendor/bsp/startup/gcc/startup_gd32e10x.s.o
UART3_IRQHandler                                  build/.objs/lora-xmake/cross/none/release/vendor/bsp/startup/gcc/startup_gd32e10x.s.o
UART4_IRQHandler                                  build/.objs/lora-xmake/cross/none/release/vendor/bsp/startup/gcc/startup_gd32e10x.s.o
USART0_IRQHandler                                 build/.objs/lora-xmake/cross/none/release/vendor/bsp/startup/gcc/startup_gd32e10x.s.o
USART1_IRQHandler                                 build/.objs/lora-xmake/cross/none/release/vendor/bsp/startup/gcc/startup_gd32e10x.s.o
USART2_IRQHandler                                 build/.objs/lora-xmake/cross/none/release/vendor/bsp/startup/gcc/startup_gd32e10x.s.o
USBFS_IRQHandler                                  build/.objs/lora-xmake/cross/none/release/vendor/bsp/startup/gcc/startup_gd32e10x.s.o
USBFS_WKUP_IRQHandler                             build/.objs/lora-xmake/cross/none/release/vendor/bsp/startup/gcc/startup_gd32e10x.s.o
UsageFault_Handler                                build/.objs/lora-xmake/cross/none/release/vendor/bsp/startup/gcc/startup_gd32e10x.s.o
WWDGT_IRQHandler                                  build/.objs/lora-xmake/cross/none/release/vendor/bsp/startup/gcc/startup_gd32e10x.s.o
__bss_end__                                       /home/lidong/.xmake/packages/g/gnu-rm/10.2020-q4/2d4596dff08a4f1594fc6460d44da443/bin/../lib/gcc/arm-none-eabi/10.2.1/../../../../arm-none-eabi/lib/crt0.o
__bss_start__                                     /home/lidong/.xmake/packages/g/gnu-rm/10.2020-q4/2d4596dff08a4f1594fc6460d44da443/bin/../lib/gcc/arm-none-eabi/10.2.1/../../../../arm-none-eabi/lib/crt0.o
__call_exitprocs                                  /home/lidong/.xmake/packages/g/gnu-rm/10.2020-q4/2d4596dff08a4f1594fc6460d44da443/bin/../lib/gcc/arm-none-eabi/10.2.1/../../../../arm-none-eabi/lib/libc_nano.a(lib_a-exit.o)
__deregister_frame_info                           /home/lidong/.xmake/packages/g/gnu-rm/10.2020-q4/2d4596dff08a4f1594fc6460d44da443/bin/../lib/gcc/arm-none-eabi/10.2.1/crtbegin.o
__dso_handle                                      /home/lidong/.xmake/packages/g/gnu-rm/10.2020-q4/2d4596dff08a4f1594fc6460d44da443/bin/../lib/gcc/arm-none-eabi/10.2.1/crtbegin.o
__init_array_end                                  /home/lidong/.xmake/packages/g/gnu-rm/10.2020-q4/2d4596dff08a4f1594fc6460d44da443/bin/../lib/gcc/arm-none-eabi/10.2.1/../../../../arm-none-eabi/lib/libc_nano.a(lib_a-init.o)
__init_array_start                                /home/lidong/.xmake/packages/g/gnu-rm/10.2020-q4/2d4596dff08a4f1594fc6460d44da443/bin/../lib/gcc/arm-none-eabi/10.2.1/../../../../arm-none-eabi/lib/libc_nano.a(lib_a-init.o)
__libc_fini_array                                 /home/lidong/.xmake/packages/g/gnu-rm/10.2020-q4/2d4596dff08a4f1594fc6460d44da443/bin/../lib/gcc/arm-none-eabi/10.2.1/../../../../arm-none-eabi/lib/crt0.o
__libc_init_array                                 /home/lidong/.xmake/packages/g/gnu-rm/10.2020-q4/2d4596dff08a4f1594fc6460d44da443/bin/../lib/gcc/arm-none-eabi/10.2.1/../../../../arm-none-eabi/lib/libc_nano.a(lib_a-init.o)
                                                  build/.objs/lora-xmake/cross/none/release/vendor/bsp/startup/gcc/startup_gd32e10x.s.o
                                                  /home/lidong/.xmake/packages/g/gnu-rm/10.2020-q4/2d4596dff08a4f1594fc6460d44da443/bin/../lib/gcc/arm-none-eabi/10.2.1/../../../../arm-none-eabi/lib/crt0.o
__preinit_array_end                               /home/lidong/.xmake/packages/g/gnu-rm/10.2020-q4/2d4596dff08a4f1594fc6460d44da443/bin/../lib/gcc/arm-none-eabi/10.2.1/../../../../arm-none-eabi/lib/libc_nano.a(lib_a-init.o)
__preinit_array_start                             /home/lidong/.xmake/packages/g/gnu-rm/10.2020-q4/2d4596dff08a4f1594fc6460d44da443/bin/../lib/gcc/arm-none-eabi/10.2.1/../../../../arm-none-eabi/lib/libc_nano.a(lib_a-init.o)
__register_frame_info                             /home/lidong/.xmake/packages/g/gnu-rm/10.2020-q4/2d4596dff08a4f1594fc6460d44da443/bin/../lib/gcc/arm-none-eabi/10.2.1/crtbegin.o
__sf_fake_stderr                                  /home/lidong/.xmake/packages/g/gnu-rm/10.2020-q4/2d4596dff08a4f1594fc6460d44da443/bin/../lib/gcc/arm-none-eabi/10.2.1/../../../../arm-none-eabi/lib/libc_nano.a(lib_a-impure.o)
__sf_fake_stdin                                   /home/lidong/.xmake/packages/g/gnu-rm/10.2020-q4/2d4596dff08a4f1594fc6460d44da443/bin/../lib/gcc/arm-none-eabi/10.2.1/../../../../arm-none-eabi/lib/libc_nano.a(lib_a-impure.o)
__sf_fake_stdout                                  /home/lidong/.xmake/packages/g/gnu-rm/10.2020-q4/2d4596dff08a4f1594fc6460d44da443/bin/../lib/gcc/arm-none-eabi/10.2.1/../../../../arm-none-eabi/lib/libc_nano.a(lib_a-impure.o)
__stack                                           /home/lidong/.xmake/packages/g/gnu-rm/10.2020-q4/2d4596dff08a4f1594fc6460d44da443/bin/../lib/gcc/arm-none-eabi/10.2.1/../../../../arm-none-eabi/lib/crt0.o
_ebss                                             build/.objs/lora-xmake/cross/none/release/vendor/bsp/startup/gcc/startup_gd32e10x.s.o
_edata                                            build/.objs/lora-xmake/cross/none/release/vendor/bsp/startup/gcc/startup_gd32e10x.s.o
_estack                                           build/.objs/lora-xmake/cross/none/release/vendor/bsp/startup/gcc/startup_gd32e10x.s.o
_exit                                             /home/lidong/.xmake/packages/g/gnu-rm/10.2020-q4/2d4596dff08a4f1594fc6460d44da443/bin/../lib/gcc/arm-none-eabi/10.2.1/../../../../arm-none-eabi/lib/libnosys.a(_exit.o)
                                                  /home/lidong/.xmake/packages/g/gnu-rm/10.2020-q4/2d4596dff08a4f1594fc6460d44da443/bin/../lib/gcc/arm-none-eabi/10.2.1/../../../../arm-none-eabi/lib/libc_nano.a(lib_a-exit.o)
_fini                                             /home/lidong/.xmake/packages/g/gnu-rm/10.2020-q4/2d4596dff08a4f1594fc6460d44da443/bin/../lib/gcc/arm-none-eabi/10.2.1/crti.o
_global_impure_ptr                                /home/lidong/.xmake/packages/g/gnu-rm/10.2020-q4/2d4596dff08a4f1594fc6460d44da443/bin/../lib/gcc/arm-none-eabi/10.2.1/../../../../arm-none-eabi/lib/libc_nano.a(lib_a-impure.o)
                                                  /home/lidong/.xmake/packages/g/gnu-rm/10.2020-q4/2d4596dff08a4f1594fc6460d44da443/bin/../lib/gcc/arm-none-eabi/10.2.1/../../../../arm-none-eabi/lib/libc_nano.a(lib_a-exit.o)
_impure_ptr                                       /home/lidong/.xmake/packages/g/gnu-rm/10.2020-q4/2d4596dff08a4f1594fc6460d44da443/bin/../lib/gcc/arm-none-eabi/10.2.1/../../../../arm-none-eabi/lib/libc_nano.a(lib_a-impure.o)
_init                                             /home/lidong/.xmake/packages/g/gnu-rm/10.2020-q4/2d4596dff08a4f1594fc6460d44da443/bin/../lib/gcc/arm-none-eabi/10.2.1/crti.o
                                                  /home/lidong/.xmake/packages/g/gnu-rm/10.2020-q4/2d4596dff08a4f1594fc6460d44da443/bin/../lib/gcc/arm-none-eabi/10.2.1/../../../../arm-none-eabi/lib/libc_nano.a(lib_a-init.o)
_mainCRTStartup                                   /home/lidong/.xmake/packages/g/gnu-rm/10.2020-q4/2d4596dff08a4f1594fc6460d44da443/bin/../lib/gcc/arm-none-eabi/10.2.1/../../../../arm-none-eabi/lib/crt0.o
_sbss                                             build/.objs/lora-xmake/cross/none/release/vendor/bsp/startup/gcc/startup_gd32e10x.s.o
_sdata                                            build/.objs/lora-xmake/cross/none/release/vendor/bsp/startup/gcc/startup_gd32e10x.s.o
_sidata                                           build/.objs/lora-xmake/cross/none/release/vendor/bsp/startup/gcc/startup_gd32e10x.s.o
_stack_init                                       /home/lidong/.xmake/packages/g/gnu-rm/10.2020-q4/2d4596dff08a4f1594fc6460d44da443/bin/../lib/gcc/arm-none-eabi/10.2.1/../../../../arm-none-eabi/lib/crt0.o
_start                                            /home/lidong/.xmake/packages/g/gnu-rm/10.2020-q4/2d4596dff08a4f1594fc6460d44da443/bin/../lib/gcc/arm-none-eabi/10.2.1/../../../../arm-none-eabi/lib/crt0.o
adc_calibration_enable                            build/.objs/lora-xmake/cross/none/release/vendor/bsp/Library/GD32E10x_standard_peripheral/Source/gd32e10x_adc.c.o
adc_channel_length_config                         build/.objs/lora-xmake/cross/none/release/vendor/bsp/Library/GD32E10x_standard_peripheral/Source/gd32e10x_adc.c.o
adc_data_alignment_config                         build/.objs/lora-xmake/cross/none/release/vendor/bsp/Library/GD32E10x_standard_peripheral/Source/gd32e10x_adc.c.o
adc_deinit                                        build/.objs/lora-xmake/cross/none/release/vendor/bsp/Library/GD32E10x_standard_peripheral/Source/gd32e10x_adc.c.o
adc_disable                                       build/.objs/lora-xmake/cross/none/release/vendor/bsp/Library/GD32E10x_standard_peripheral/Source/gd32e10x_adc.c.o
adc_discontinuous_mode_config                     build/.objs/lora-xmake/cross/none/release/vendor/bsp/Library/GD32E10x_standard_peripheral/Source/gd32e10x_adc.c.o
adc_dma_mode_disable                              build/.objs/lora-xmake/cross/none/release/vendor/bsp/Library/GD32E10x_standard_peripheral/Source/gd32e10x_adc.c.o
adc_dma_mode_enable                               build/.objs/lora-xmake/cross/none/release/vendor/bsp/Library/GD32E10x_standard_peripheral/Source/gd32e10x_adc.c.o
adc_enable                                        build/.objs/lora-xmake/cross/none/release/vendor/bsp/Library/GD32E10x_standard_peripheral/Source/gd32e10x_adc.c.o
adc_external_trigger_config                       build/.objs/lora-xmake/cross/none/release/vendor/bsp/Library/GD32E10x_standard_peripheral/Source/gd32e10x_adc.c.o
adc_external_trigger_source_config                build/.objs/lora-xmake/cross/none/release/vendor/bsp/Library/GD32E10x_standard_peripheral/Source/gd32e10x_adc.c.o
adc_flag_clear                                    build/.objs/lora-xmake/cross/none/release/vendor/bsp/Library/GD32E10x_standard_peripheral/Source/gd32e10x_adc.c.o
adc_flag_get                                      build/.objs/lora-xmake/cross/none/release/vendor/bsp/Library/GD32E10x_standard_peripheral/Source/gd32e10x_adc.c.o
adc_inserted_channel_config                       build/.objs/lora-xmake/cross/none/release/vendor/bsp/Library/GD32E10x_standard_peripheral/Source/gd32e10x_adc.c.o
adc_inserted_channel_offset_config                build/.objs/lora-xmake/cross/none/release/vendor/bsp/Library/GD32E10x_standard_peripheral/Source/gd32e10x_adc.c.o
adc_inserted_data_read                            build/.objs/lora-xmake/cross/none/release/vendor/bsp/Library/GD32E10x_standard_peripheral/Source/gd32e10x_adc.c.o
adc_inserted_software_startconv_flag_get          build/.objs/lora-xmake/cross/none/release/vendor/bsp/Library/GD32E10x_standard_peripheral/Source/gd32e10x_adc.c.o
adc_interrupt_disable                             build/.objs/lora-xmake/cross/none/release/vendor/bsp/Library/GD32E10x_standard_peripheral/Source/gd32e10x_adc.c.o
adc_interrupt_enable                              build/.objs/lora-xmake/cross/none/release/vendor/bsp/Library/GD32E10x_standard_peripheral/Source/gd32e10x_adc.c.o
adc_interrupt_flag_clear                          build/.objs/lora-xmake/cross/none/release/vendor/bsp/Library/GD32E10x_standard_peripheral/Source/gd32e10x_adc.c.o
adc_interrupt_flag_get                            build/.objs/lora-xmake/cross/none/release/vendor/bsp/Library/GD32E10x_standard_peripheral/Source/gd32e10x_adc.c.o
adc_mode_config                                   build/.objs/lora-xmake/cross/none/release/vendor/bsp/Library/GD32E10x_standard_peripheral/Source/gd32e10x_adc.c.o
adc_oversample_mode_config                        build/.objs/lora-xmake/cross/none/release/vendor/bsp/Library/GD32E10x_standard_peripheral/Source/gd32e10x_adc.c.o
adc_oversample_mode_disable                       build/.objs/lora-xmake/cross/none/release/vendor/bsp/Library/GD32E10x_standard_peripheral/Source/gd32e10x_adc.c.o
adc_oversample_mode_enable                        build/.objs/lora-xmake/cross/none/release/vendor/bsp/Library/GD32E10x_standard_peripheral/Source/gd32e10x_adc.c.o
adc_regular_channel_config                        build/.objs/lora-xmake/cross/none/release/vendor/bsp/Library/GD32E10x_standard_peripheral/Source/gd32e10x_adc.c.o
adc_regular_data_read                             build/.objs/lora-xmake/cross/none/release/vendor/bsp/Library/GD32E10x_standard_peripheral/Source/gd32e10x_adc.c.o
adc_regular_software_startconv_flag_get           build/.objs/lora-xmake/cross/none/release/vendor/bsp/Library/GD32E10x_standard_peripheral/Source/gd32e10x_adc.c.o
adc_resolution_config                             build/.objs/lora-xmake/cross/none/release/vendor/bsp/Library/GD32E10x_standard_peripheral/Source/gd32e10x_adc.c.o
adc_software_trigger_enable                       build/.objs/lora-xmake/cross/none/release/vendor/bsp/Library/GD32E10x_standard_peripheral/Source/gd32e10x_adc.c.o
adc_special_function_config                       build/.objs/lora-xmake/cross/none/release/vendor/bsp/Library/GD32E10x_standard_peripheral/Source/gd32e10x_adc.c.o
adc_sync_mode_convert_value_read                  build/.objs/lora-xmake/cross/none/release/vendor/bsp/Library/GD32E10x_standard_peripheral/Source/gd32e10x_adc.c.o
adc_tempsensor_vrefint_disable                    build/.objs/lora-xmake/cross/none/release/vendor/bsp/Library/GD32E10x_standard_peripheral/Source/gd32e10x_adc.c.o
adc_tempsensor_vrefint_enable                     build/.objs/lora-xmake/cross/none/release/vendor/bsp/Library/GD32E10x_standard_peripheral/Source/gd32e10x_adc.c.o
adc_watchdog_disable                              build/.objs/lora-xmake/cross/none/release/vendor/bsp/Library/GD32E10x_standard_peripheral/Source/gd32e10x_adc.c.o
adc_watchdog_group_channel_enable                 build/.objs/lora-xmake/cross/none/release/vendor/bsp/Library/GD32E10x_standard_peripheral/Source/gd32e10x_adc.c.o
adc_watchdog_single_channel_enable                build/.objs/lora-xmake/cross/none/release/vendor/bsp/Library/GD32E10x_standard_peripheral/Source/gd32e10x_adc.c.o
adc_watchdog_threshold_config                     build/.objs/lora-xmake/cross/none/release/vendor/bsp/Library/GD32E10x_standard_peripheral/Source/gd32e10x_adc.c.o
atexit                                            /home/lidong/.xmake/packages/g/gnu-rm/10.2020-q4/2d4596dff08a4f1594fc6460d44da443/bin/../lib/gcc/arm-none-eabi/10.2.1/../../../../arm-none-eabi/lib/crt0.o
bkp_data_read                                     build/.objs/lora-xmake/cross/none/release/vendor/bsp/Library/GD32E10x_standard_peripheral/Source/gd32e10x_bkp.c.o
bkp_data_write                                    build/.objs/lora-xmake/cross/none/release/vendor/bsp/Library/GD32E10x_standard_peripheral/Source/gd32e10x_bkp.c.o
bkp_deinit                                        build/.objs/lora-xmake/cross/none/release/vendor/bsp/Library/GD32E10x_standard_peripheral/Source/gd32e10x_bkp.c.o
bkp_flag_clear                                    build/.objs/lora-xmake/cross/none/release/vendor/bsp/Library/GD32E10x_standard_peripheral/Source/gd32e10x_bkp.c.o
bkp_flag_get                                      build/.objs/lora-xmake/cross/none/release/vendor/bsp/Library/GD32E10x_standard_peripheral/Source/gd32e10x_bkp.c.o
bkp_interrupt_disable                             build/.objs/lora-xmake/cross/none/release/vendor/bsp/Library/GD32E10x_standard_peripheral/Source/gd32e10x_bkp.c.o
bkp_interrupt_enable                              build/.objs/lora-xmake/cross/none/release/vendor/bsp/Library/GD32E10x_standard_peripheral/Source/gd32e10x_bkp.c.o
bkp_interrupt_flag_clear                          build/.objs/lora-xmake/cross/none/release/vendor/bsp/Library/GD32E10x_standard_peripheral/Source/gd32e10x_bkp.c.o
bkp_interrupt_flag_get                            build/.objs/lora-xmake/cross/none/release/vendor/bsp/Library/GD32E10x_standard_peripheral/Source/gd32e10x_bkp.c.o
bkp_rtc_calibration_output_disable                build/.objs/lora-xmake/cross/none/release/vendor/bsp/Library/GD32E10x_standard_peripheral/Source/gd32e10x_bkp.c.o
bkp_rtc_calibration_output_enable                 build/.objs/lora-xmake/cross/none/release/vendor/bsp/Library/GD32E10x_standard_peripheral/Source/gd32e10x_bkp.c.o
bkp_rtc_calibration_value_set                     build/.objs/lora-xmake/cross/none/release/vendor/bsp/Library/GD32E10x_standard_peripheral/Source/gd32e10x_bkp.c.o
bkp_rtc_clock_calibration_direction_select        build/.objs/lora-xmake/cross/none/release/vendor/bsp/Library/GD32E10x_standard_peripheral/Source/gd32e10x_bkp.c.o
bkp_rtc_clock_output_select                       build/.objs/lora-xmake/cross/none/release/vendor/bsp/Library/GD32E10x_standard_peripheral/Source/gd32e10x_bkp.c.o
bkp_rtc_output_select                             build/.objs/lora-xmake/cross/none/release/vendor/bsp/Library/GD32E10x_standard_peripheral/Source/gd32e10x_bkp.c.o
bkp_rtc_signal_output_disable                     build/.objs/lora-xmake/cross/none/release/vendor/bsp/Library/GD32E10x_standard_peripheral/Source/gd32e10x_bkp.c.o
bkp_rtc_signal_output_enable                      build/.objs/lora-xmake/cross/none/release/vendor/bsp/Library/GD32E10x_standard_peripheral/Source/gd32e10x_bkp.c.o
bkp_tamper_active_level_set                       build/.objs/lora-xmake/cross/none/release/vendor/bsp/Library/GD32E10x_standard_peripheral/Source/gd32e10x_bkp.c.o
bkp_tamper_detection_disable                      build/.objs/lora-xmake/cross/none/release/vendor/bsp/Library/GD32E10x_standard_peripheral/Source/gd32e10x_bkp.c.o
bkp_tamper_detection_enable                       build/.objs/lora-xmake/cross/none/release/vendor/bsp/Library/GD32E10x_standard_peripheral/Source/gd32e10x_bkp.c.o
crc_block_data_calculate                          build/.objs/lora-xmake/cross/none/release/vendor/bsp/Library/GD32E10x_standard_peripheral/Source/gd32e10x_crc.c.o
crc_data_register_read                            build/.objs/lora-xmake/cross/none/release/vendor/bsp/Library/GD32E10x_standard_peripheral/Source/gd32e10x_crc.c.o
crc_data_register_reset                           build/.objs/lora-xmake/cross/none/release/vendor/bsp/Library/GD32E10x_standard_peripheral/Source/gd32e10x_crc.c.o
crc_deinit                                        build/.objs/lora-xmake/cross/none/release/vendor/bsp/Library/GD32E10x_standard_peripheral/Source/gd32e10x_crc.c.o
crc_free_data_register_read                       build/.objs/lora-xmake/cross/none/release/vendor/bsp/Library/GD32E10x_standard_peripheral/Source/gd32e10x_crc.c.o
crc_free_data_register_write                      build/.objs/lora-xmake/cross/none/release/vendor/bsp/Library/GD32E10x_standard_peripheral/Source/gd32e10x_crc.c.o
crc_single_data_calculate                         build/.objs/lora-xmake/cross/none/release/vendor/bsp/Library/GD32E10x_standard_peripheral/Source/gd32e10x_crc.c.o
ctc_clock_limit_value_config                      build/.objs/lora-xmake/cross/none/release/vendor/bsp/Library/GD32E10x_standard_peripheral/Source/gd32e10x_ctc.c.o
ctc_counter_capture_value_read                    build/.objs/lora-xmake/cross/none/release/vendor/bsp/Library/GD32E10x_standard_peripheral/Source/gd32e10x_ctc.c.o
ctc_counter_direction_read                        build/.objs/lora-xmake/cross/none/release/vendor/bsp/Library/GD32E10x_standard_peripheral/Source/gd32e10x_ctc.c.o
ctc_counter_disable                               build/.objs/lora-xmake/cross/none/release/vendor/bsp/Library/GD32E10x_standard_peripheral/Source/gd32e10x_ctc.c.o
ctc_counter_enable                                build/.objs/lora-xmake/cross/none/release/vendor/bsp/Library/GD32E10x_standard_peripheral/Source/gd32e10x_ctc.c.o
ctc_counter_reload_value_config                   build/.objs/lora-xmake/cross/none/release/vendor/bsp/Library/GD32E10x_standard_peripheral/Source/gd32e10x_ctc.c.o
ctc_counter_reload_value_read                     build/.objs/lora-xmake/cross/none/release/vendor/bsp/Library/GD32E10x_standard_peripheral/Source/gd32e10x_ctc.c.o
ctc_deinit                                        build/.objs/lora-xmake/cross/none/release/vendor/bsp/Library/GD32E10x_standard_peripheral/Source/gd32e10x_ctc.c.o
ctc_flag_clear                                    build/.objs/lora-xmake/cross/none/release/vendor/bsp/Library/GD32E10x_standard_peripheral/Source/gd32e10x_ctc.c.o
ctc_flag_get                                      build/.objs/lora-xmake/cross/none/release/vendor/bsp/Library/GD32E10x_standard_peripheral/Source/gd32e10x_ctc.c.o
ctc_hardware_trim_mode_config                     build/.objs/lora-xmake/cross/none/release/vendor/bsp/Library/GD32E10x_standard_peripheral/Source/gd32e10x_ctc.c.o
ctc_interrupt_disable                             build/.objs/lora-xmake/cross/none/release/vendor/bsp/Library/GD32E10x_standard_peripheral/Source/gd32e10x_ctc.c.o
ctc_interrupt_enable                              build/.objs/lora-xmake/cross/none/release/vendor/bsp/Library/GD32E10x_standard_peripheral/Source/gd32e10x_ctc.c.o
ctc_interrupt_flag_clear                          build/.objs/lora-xmake/cross/none/release/vendor/bsp/Library/GD32E10x_standard_peripheral/Source/gd32e10x_ctc.c.o
ctc_interrupt_flag_get                            build/.objs/lora-xmake/cross/none/release/vendor/bsp/Library/GD32E10x_standard_peripheral/Source/gd32e10x_ctc.c.o
ctc_irc48m_trim_value_config                      build/.objs/lora-xmake/cross/none/release/vendor/bsp/Library/GD32E10x_standard_peripheral/Source/gd32e10x_ctc.c.o
ctc_irc48m_trim_value_read                        build/.objs/lora-xmake/cross/none/release/vendor/bsp/Library/GD32E10x_standard_peripheral/Source/gd32e10x_ctc.c.o
ctc_refsource_polarity_config                     build/.objs/lora-xmake/cross/none/release/vendor/bsp/Library/GD32E10x_standard_peripheral/Source/gd32e10x_ctc.c.o
ctc_refsource_prescaler_config                    build/.objs/lora-xmake/cross/none/release/vendor/bsp/Library/GD32E10x_standard_peripheral/Source/gd32e10x_ctc.c.o
ctc_refsource_signal_select                       build/.objs/lora-xmake/cross/none/release/vendor/bsp/Library/GD32E10x_standard_peripheral/Source/gd32e10x_ctc.c.o
ctc_software_refsource_pulse_generate             build/.objs/lora-xmake/cross/none/release/vendor/bsp/Library/GD32E10x_standard_peripheral/Source/gd32e10x_ctc.c.o
dac_concurrent_data_set                           build/.objs/lora-xmake/cross/none/release/vendor/bsp/Library/GD32E10x_standard_peripheral/Source/gd32e10x_dac.c.o
dac_concurrent_disable                            build/.objs/lora-xmake/cross/none/release/vendor/bsp/Library/GD32E10x_standard_peripheral/Source/gd32e10x_dac.c.o
dac_concurrent_enable                             build/.objs/lora-xmake/cross/none/release/vendor/bsp/Library/GD32E10x_standard_peripheral/Source/gd32e10x_dac.c.o
dac_concurrent_output_buffer_disable              build/.objs/lora-xmake/cross/none/release/vendor/bsp/Library/GD32E10x_standard_peripheral/Source/gd32e10x_dac.c.o
dac_concurrent_output_buffer_enable               build/.objs/lora-xmake/cross/none/release/vendor/bsp/Library/GD32E10x_standard_peripheral/Source/gd32e10x_dac.c.o
dac_concurrent_software_trigger_disable           build/.objs/lora-xmake/cross/none/release/vendor/bsp/Library/GD32E10x_standard_peripheral/Source/gd32e10x_dac.c.o
dac_concurrent_software_trigger_enable            build/.objs/lora-xmake/cross/none/release/vendor/bsp/Library/GD32E10x_standard_peripheral/Source/gd32e10x_dac.c.o
dac_data_set                                      build/.objs/lora-xmake/cross/none/release/vendor/bsp/Library/GD32E10x_standard_peripheral/Source/gd32e10x_dac.c.o
dac_deinit                                        build/.objs/lora-xmake/cross/none/release/vendor/bsp/Library/GD32E10x_standard_peripheral/Source/gd32e10x_dac.c.o
dac_disable                                       build/.objs/lora-xmake/cross/none/release/vendor/bsp/Library/GD32E10x_standard_peripheral/Source/gd32e10x_dac.c.o
dac_dma_disable                                   build/.objs/lora-xmake/cross/none/release/vendor/bsp/Library/GD32E10x_standard_peripheral/Source/gd32e10x_dac.c.o
dac_dma_enable                                    build/.objs/lora-xmake/cross/none/release/vendor/bsp/Library/GD32E10x_standard_peripheral/Source/gd32e10x_dac.c.o
dac_enable                                        build/.objs/lora-xmake/cross/none/release/vendor/bsp/Library/GD32E10x_standard_peripheral/Source/gd32e10x_dac.c.o
dac_lfsr_noise_config                             build/.objs/lora-xmake/cross/none/release/vendor/bsp/Library/GD32E10x_standard_peripheral/Source/gd32e10x_dac.c.o
dac_output_buffer_disable                         build/.objs/lora-xmake/cross/none/release/vendor/bsp/Library/GD32E10x_standard_peripheral/Source/gd32e10x_dac.c.o
dac_output_buffer_enable                          build/.objs/lora-xmake/cross/none/release/vendor/bsp/Library/GD32E10x_standard_peripheral/Source/gd32e10x_dac.c.o
dac_output_value_get                              build/.objs/lora-xmake/cross/none/release/vendor/bsp/Library/GD32E10x_standard_peripheral/Source/gd32e10x_dac.c.o
dac_software_trigger_disable                      build/.objs/lora-xmake/cross/none/release/vendor/bsp/Library/GD32E10x_standard_peripheral/Source/gd32e10x_dac.c.o
dac_software_trigger_enable                       build/.objs/lora-xmake/cross/none/release/vendor/bsp/Library/GD32E10x_standard_peripheral/Source/gd32e10x_dac.c.o
dac_triangle_noise_config                         build/.objs/lora-xmake/cross/none/release/vendor/bsp/Library/GD32E10x_standard_peripheral/Source/gd32e10x_dac.c.o
dac_trigger_disable                               build/.objs/lora-xmake/cross/none/release/vendor/bsp/Library/GD32E10x_standard_peripheral/Source/gd32e10x_dac.c.o
dac_trigger_enable                                build/.objs/lora-xmake/cross/none/release/vendor/bsp/Library/GD32E10x_standard_peripheral/Source/gd32e10x_dac.c.o
dac_trigger_source_config                         build/.objs/lora-xmake/cross/none/release/vendor/bsp/Library/GD32E10x_standard_peripheral/Source/gd32e10x_dac.c.o
dac_wave_bit_width_config                         build/.objs/lora-xmake/cross/none/release/vendor/bsp/Library/GD32E10x_standard_peripheral/Source/gd32e10x_dac.c.o
dac_wave_mode_config                              build/.objs/lora-xmake/cross/none/release/vendor/bsp/Library/GD32E10x_standard_peripheral/Source/gd32e10x_dac.c.o
dbg_id_get                                        build/.objs/lora-xmake/cross/none/release/vendor/bsp/Library/GD32E10x_standard_peripheral/Source/gd32e10x_dbg.c.o
dbg_low_power_disable                             build/.objs/lora-xmake/cross/none/release/vendor/bsp/Library/GD32E10x_standard_peripheral/Source/gd32e10x_dbg.c.o
dbg_low_power_enable                              build/.objs/lora-xmake/cross/none/release/vendor/bsp/Library/GD32E10x_standard_peripheral/Source/gd32e10x_dbg.c.o
dbg_periph_disable                                build/.objs/lora-xmake/cross/none/release/vendor/bsp/Library/GD32E10x_standard_peripheral/Source/gd32e10x_dbg.c.o
dbg_periph_enable                                 build/.objs/lora-xmake/cross/none/release/vendor/bsp/Library/GD32E10x_standard_peripheral/Source/gd32e10x_dbg.c.o
dbg_trace_pin_disable                             build/.objs/lora-xmake/cross/none/release/vendor/bsp/Library/GD32E10x_standard_peripheral/Source/gd32e10x_dbg.c.o
dbg_trace_pin_enable                              build/.objs/lora-xmake/cross/none/release/vendor/bsp/Library/GD32E10x_standard_peripheral/Source/gd32e10x_dbg.c.o
dbg_trace_pin_mode_set                            build/.objs/lora-xmake/cross/none/release/vendor/bsp/Library/GD32E10x_standard_peripheral/Source/gd32e10x_dbg.c.o
dma_channel_disable                               build/.objs/lora-xmake/cross/none/release/vendor/bsp/Library/GD32E10x_standard_peripheral/Source/gd32e10x_dma.c.o
dma_channel_enable                                build/.objs/lora-xmake/cross/none/release/vendor/bsp/Library/GD32E10x_standard_peripheral/Source/gd32e10x_dma.c.o
dma_circulation_disable                           build/.objs/lora-xmake/cross/none/release/vendor/bsp/Library/GD32E10x_standard_peripheral/Source/gd32e10x_dma.c.o
dma_circulation_enable                            build/.objs/lora-xmake/cross/none/release/vendor/bsp/Library/GD32E10x_standard_peripheral/Source/gd32e10x_dma.c.o
dma_deinit                                        build/.objs/lora-xmake/cross/none/release/vendor/bsp/Library/GD32E10x_standard_peripheral/Source/gd32e10x_dma.c.o
dma_flag_clear                                    build/.objs/lora-xmake/cross/none/release/vendor/bsp/Library/GD32E10x_standard_peripheral/Source/gd32e10x_dma.c.o
dma_flag_get                                      build/.objs/lora-xmake/cross/none/release/vendor/bsp/Library/GD32E10x_standard_peripheral/Source/gd32e10x_dma.c.o
dma_init                                          build/.objs/lora-xmake/cross/none/release/vendor/bsp/Library/GD32E10x_standard_peripheral/Source/gd32e10x_dma.c.o
dma_interrupt_disable                             build/.objs/lora-xmake/cross/none/release/vendor/bsp/Library/GD32E10x_standard_peripheral/Source/gd32e10x_dma.c.o
dma_interrupt_enable                              build/.objs/lora-xmake/cross/none/release/vendor/bsp/Library/GD32E10x_standard_peripheral/Source/gd32e10x_dma.c.o
dma_interrupt_flag_clear                          build/.objs/lora-xmake/cross/none/release/vendor/bsp/Library/GD32E10x_standard_peripheral/Source/gd32e10x_dma.c.o
dma_interrupt_flag_get                            build/.objs/lora-xmake/cross/none/release/vendor/bsp/Library/GD32E10x_standard_peripheral/Source/gd32e10x_dma.c.o
dma_memory_address_config                         build/.objs/lora-xmake/cross/none/release/vendor/bsp/Library/GD32E10x_standard_peripheral/Source/gd32e10x_dma.c.o
dma_memory_increase_disable                       build/.objs/lora-xmake/cross/none/release/vendor/bsp/Library/GD32E10x_standard_peripheral/Source/gd32e10x_dma.c.o
dma_memory_increase_enable                        build/.objs/lora-xmake/cross/none/release/vendor/bsp/Library/GD32E10x_standard_peripheral/Source/gd32e10x_dma.c.o
dma_memory_to_memory_disable                      build/.objs/lora-xmake/cross/none/release/vendor/bsp/Library/GD32E10x_standard_peripheral/Source/gd32e10x_dma.c.o
dma_memory_to_memory_enable                       build/.objs/lora-xmake/cross/none/release/vendor/bsp/Library/GD32E10x_standard_peripheral/Source/gd32e10x_dma.c.o
dma_memory_width_config                           build/.objs/lora-xmake/cross/none/release/vendor/bsp/Library/GD32E10x_standard_peripheral/Source/gd32e10x_dma.c.o
dma_periph_address_config                         build/.objs/lora-xmake/cross/none/release/vendor/bsp/Library/GD32E10x_standard_peripheral/Source/gd32e10x_dma.c.o
dma_periph_increase_disable                       build/.objs/lora-xmake/cross/none/release/vendor/bsp/Library/GD32E10x_standard_peripheral/Source/gd32e10x_dma.c.o
dma_periph_increase_enable                        build/.objs/lora-xmake/cross/none/release/vendor/bsp/Library/GD32E10x_standard_peripheral/Source/gd32e10x_dma.c.o
dma_periph_width_config                           build/.objs/lora-xmake/cross/none/release/vendor/bsp/Library/GD32E10x_standard_peripheral/Source/gd32e10x_dma.c.o
dma_priority_config                               build/.objs/lora-xmake/cross/none/release/vendor/bsp/Library/GD32E10x_standard_peripheral/Source/gd32e10x_dma.c.o
dma_struct_para_init                              build/.objs/lora-xmake/cross/none/release/vendor/bsp/Library/GD32E10x_standard_peripheral/Source/gd32e10x_dma.c.o
dma_transfer_direction_config                     build/.objs/lora-xmake/cross/none/release/vendor/bsp/Library/GD32E10x_standard_peripheral/Source/gd32e10x_dma.c.o
dma_transfer_number_config                        build/.objs/lora-xmake/cross/none/release/vendor/bsp/Library/GD32E10x_standard_peripheral/Source/gd32e10x_dma.c.o
dma_transfer_number_get                           build/.objs/lora-xmake/cross/none/release/vendor/bsp/Library/GD32E10x_standard_peripheral/Source/gd32e10x_dma.c.o
entry                                             build/.objs/lora-xmake/cross/none/release/vendor/bsp/startup/gcc/startup_gd32e10x.s.o
exit                                              /home/lidong/.xmake/packages/g/gnu-rm/10.2020-q4/2d4596dff08a4f1594fc6460d44da443/bin/../lib/gcc/arm-none-eabi/10.2.1/../../../../arm-none-eabi/lib/libc_nano.a(lib_a-exit.o)
                                                  /home/lidong/.xmake/packages/g/gnu-rm/10.2020-q4/2d4596dff08a4f1594fc6460d44da443/bin/../lib/gcc/arm-none-eabi/10.2.1/../../../../arm-none-eabi/lib/crt0.o
exmc_norsram_deinit                               build/.objs/lora-xmake/cross/none/release/vendor/bsp/Library/GD32E10x_standard_peripheral/Source/gd32e10x_exmc.c.o
exmc_norsram_disable                              build/.objs/lora-xmake/cross/none/release/vendor/bsp/Library/GD32E10x_standard_peripheral/Source/gd32e10x_exmc.c.o
exmc_norsram_enable                               build/.objs/lora-xmake/cross/none/release/vendor/bsp/Library/GD32E10x_standard_peripheral/Source/gd32e10x_exmc.c.o
exmc_norsram_init                                 build/.objs/lora-xmake/cross/none/release/vendor/bsp/Library/GD32E10x_standard_peripheral/Source/gd32e10x_exmc.c.o
exmc_norsram_page_size_config                     build/.objs/lora-xmake/cross/none/release/vendor/bsp/Library/GD32E10x_standard_peripheral/Source/gd32e10x_exmc.c.o
exmc_norsram_struct_para_init                     build/.objs/lora-xmake/cross/none/release/vendor/bsp/Library/GD32E10x_standard_peripheral/Source/gd32e10x_exmc.c.o
exti_deinit                                       build/.objs/lora-xmake/cross/none/release/vendor/bsp/Library/GD32E10x_standard_peripheral/Source/gd32e10x_exti.c.o
exti_event_disable                                build/.objs/lora-xmake/cross/none/release/vendor/bsp/Library/GD32E10x_standard_peripheral/Source/gd32e10x_exti.c.o
exti_event_enable                                 build/.objs/lora-xmake/cross/none/release/vendor/bsp/Library/GD32E10x_standard_peripheral/Source/gd32e10x_exti.c.o
exti_flag_clear                                   build/.objs/lora-xmake/cross/none/release/vendor/bsp/Library/GD32E10x_standard_peripheral/Source/gd32e10x_exti.c.o
exti_flag_get                                     build/.objs/lora-xmake/cross/none/release/vendor/bsp/Library/GD32E10x_standard_peripheral/Source/gd32e10x_exti.c.o
exti_init                                         build/.objs/lora-xmake/cross/none/release/vendor/bsp/Library/GD32E10x_standard_peripheral/Source/gd32e10x_exti.c.o
exti_interrupt_disable                            build/.objs/lora-xmake/cross/none/release/vendor/bsp/Library/GD32E10x_standard_peripheral/Source/gd32e10x_exti.c.o
exti_interrupt_enable                             build/.objs/lora-xmake/cross/none/release/vendor/bsp/Library/GD32E10x_standard_peripheral/Source/gd32e10x_exti.c.o
exti_interrupt_flag_clear                         build/.objs/lora-xmake/cross/none/release/vendor/bsp/Library/GD32E10x_standard_peripheral/Source/gd32e10x_exti.c.o
exti_interrupt_flag_get                           build/.objs/lora-xmake/cross/none/release/vendor/bsp/Library/GD32E10x_standard_peripheral/Source/gd32e10x_exti.c.o
exti_software_interrupt_disable                   build/.objs/lora-xmake/cross/none/release/vendor/bsp/Library/GD32E10x_standard_peripheral/Source/gd32e10x_exti.c.o
exti_software_interrupt_enable                    build/.objs/lora-xmake/cross/none/release/vendor/bsp/Library/GD32E10x_standard_peripheral/Source/gd32e10x_exti.c.o
fmc_dbus_disable                                  build/.objs/lora-xmake/cross/none/release/vendor/bsp/Library/GD32E10x_standard_peripheral/Source/gd32e10x_fmc.c.o
fmc_dbus_enable                                   build/.objs/lora-xmake/cross/none/release/vendor/bsp/Library/GD32E10x_standard_peripheral/Source/gd32e10x_fmc.c.o
fmc_dbus_reset                                    build/.objs/lora-xmake/cross/none/release/vendor/bsp/Library/GD32E10x_standard_peripheral/Source/gd32e10x_fmc.c.o
fmc_doubleword_program                            build/.objs/lora-xmake/cross/none/release/vendor/bsp/Library/GD32E10x_standard_peripheral/Source/gd32e10x_fmc.c.o
fmc_flag_clear                                    build/.objs/lora-xmake/cross/none/release/vendor/bsp/Library/GD32E10x_standard_peripheral/Source/gd32e10x_fmc.c.o
fmc_flag_get                                      build/.objs/lora-xmake/cross/none/release/vendor/bsp/Library/GD32E10x_standard_peripheral/Source/gd32e10x_fmc.c.o
fmc_ibus_disable                                  build/.objs/lora-xmake/cross/none/release/vendor/bsp/Library/GD32E10x_standard_peripheral/Source/gd32e10x_fmc.c.o
fmc_ibus_enable                                   build/.objs/lora-xmake/cross/none/release/vendor/bsp/Library/GD32E10x_standard_peripheral/Source/gd32e10x_fmc.c.o
fmc_ibus_reset                                    build/.objs/lora-xmake/cross/none/release/vendor/bsp/Library/GD32E10x_standard_peripheral/Source/gd32e10x_fmc.c.o
fmc_interrupt_disable                             build/.objs/lora-xmake/cross/none/release/vendor/bsp/Library/GD32E10x_standard_peripheral/Source/gd32e10x_fmc.c.o
fmc_interrupt_enable                              build/.objs/lora-xmake/cross/none/release/vendor/bsp/Library/GD32E10x_standard_peripheral/Source/gd32e10x_fmc.c.o
fmc_interrupt_flag_clear                          build/.objs/lora-xmake/cross/none/release/vendor/bsp/Library/GD32E10x_standard_peripheral/Source/gd32e10x_fmc.c.o
fmc_interrupt_flag_get                            build/.objs/lora-xmake/cross/none/release/vendor/bsp/Library/GD32E10x_standard_peripheral/Source/gd32e10x_fmc.c.o
fmc_lock                                          build/.objs/lora-xmake/cross/none/release/vendor/bsp/Library/GD32E10x_standard_peripheral/Source/gd32e10x_fmc.c.o
fmc_mass_erase                                    build/.objs/lora-xmake/cross/none/release/vendor/bsp/Library/GD32E10x_standard_peripheral/Source/gd32e10x_fmc.c.o
fmc_page_erase                                    build/.objs/lora-xmake/cross/none/release/vendor/bsp/Library/GD32E10x_standard_peripheral/Source/gd32e10x_fmc.c.o
fmc_prefetch_disable                              build/.objs/lora-xmake/cross/none/release/vendor/bsp/Library/GD32E10x_standard_peripheral/Source/gd32e10x_fmc.c.o
fmc_prefetch_enable                               build/.objs/lora-xmake/cross/none/release/vendor/bsp/Library/GD32E10x_standard_peripheral/Source/gd32e10x_fmc.c.o
fmc_program_width_set                             build/.objs/lora-xmake/cross/none/release/vendor/bsp/Library/GD32E10x_standard_peripheral/Source/gd32e10x_fmc.c.o
fmc_unlock                                        build/.objs/lora-xmake/cross/none/release/vendor/bsp/Library/GD32E10x_standard_peripheral/Source/gd32e10x_fmc.c.o
fmc_word_program                                  build/.objs/lora-xmake/cross/none/release/vendor/bsp/Library/GD32E10x_standard_peripheral/Source/gd32e10x_fmc.c.o
fmc_wscnt_set                                     build/.objs/lora-xmake/cross/none/release/vendor/bsp/Library/GD32E10x_standard_peripheral/Source/gd32e10x_fmc.c.o
fwdgt_config                                      build/.objs/lora-xmake/cross/none/release/vendor/bsp/Library/GD32E10x_standard_peripheral/Source/gd32e10x_fwdgt.c.o
fwdgt_counter_reload                              build/.objs/lora-xmake/cross/none/release/vendor/bsp/Library/GD32E10x_standard_peripheral/Source/gd32e10x_fwdgt.c.o
fwdgt_enable                                      build/.objs/lora-xmake/cross/none/release/vendor/bsp/Library/GD32E10x_standard_peripheral/Source/gd32e10x_fwdgt.c.o
fwdgt_flag_get                                    build/.objs/lora-xmake/cross/none/release/vendor/bsp/Library/GD32E10x_standard_peripheral/Source/gd32e10x_fwdgt.c.o
fwdgt_write_disable                               build/.objs/lora-xmake/cross/none/release/vendor/bsp/Library/GD32E10x_standard_peripheral/Source/gd32e10x_fwdgt.c.o
fwdgt_write_enable                                build/.objs/lora-xmake/cross/none/release/vendor/bsp/Library/GD32E10x_standard_peripheral/Source/gd32e10x_fwdgt.c.o
g_pfnVectors                                      build/.objs/lora-xmake/cross/none/release/vendor/bsp/startup/gcc/startup_gd32e10x.s.o
gpio_afio_deinit                                  build/.objs/lora-xmake/cross/none/release/vendor/bsp/Library/GD32E10x_standard_peripheral/Source/gd32e10x_gpio.c.o
gpio_bit_reset                                    build/.objs/lora-xmake/cross/none/release/vendor/bsp/Library/GD32E10x_standard_peripheral/Source/gd32e10x_gpio.c.o
gpio_bit_set                                      build/.objs/lora-xmake/cross/none/release/vendor/bsp/Library/GD32E10x_standard_peripheral/Source/gd32e10x_gpio.c.o
gpio_bit_write                                    build/.objs/lora-xmake/cross/none/release/vendor/bsp/Library/GD32E10x_standard_peripheral/Source/gd32e10x_gpio.c.o
gpio_compensation_config                          build/.objs/lora-xmake/cross/none/release/vendor/bsp/Library/GD32E10x_standard_peripheral/Source/gd32e10x_gpio.c.o
gpio_compensation_flag_get                        build/.objs/lora-xmake/cross/none/release/vendor/bsp/Library/GD32E10x_standard_peripheral/Source/gd32e10x_gpio.c.o
gpio_deinit                                       build/.objs/lora-xmake/cross/none/release/vendor/bsp/Library/GD32E10x_standard_peripheral/Source/gd32e10x_gpio.c.o
gpio_event_output_config                          build/.objs/lora-xmake/cross/none/release/vendor/bsp/Library/GD32E10x_standard_peripheral/Source/gd32e10x_gpio.c.o
gpio_event_output_disable                         build/.objs/lora-xmake/cross/none/release/vendor/bsp/Library/GD32E10x_standard_peripheral/Source/gd32e10x_gpio.c.o
gpio_event_output_enable                          build/.objs/lora-xmake/cross/none/release/vendor/bsp/Library/GD32E10x_standard_peripheral/Source/gd32e10x_gpio.c.o
gpio_exti_source_select                           build/.objs/lora-xmake/cross/none/release/vendor/bsp/Library/GD32E10x_standard_peripheral/Source/gd32e10x_gpio.c.o
gpio_init                                         build/.objs/lora-xmake/cross/none/release/vendor/bsp/Library/GD32E10x_standard_peripheral/Source/gd32e10x_gpio.c.o
gpio_input_bit_get                                build/.objs/lora-xmake/cross/none/release/vendor/bsp/Library/GD32E10x_standard_peripheral/Source/gd32e10x_gpio.c.o
gpio_input_port_get                               build/.objs/lora-xmake/cross/none/release/vendor/bsp/Library/GD32E10x_standard_peripheral/Source/gd32e10x_gpio.c.o
gpio_output_bit_get                               build/.objs/lora-xmake/cross/none/release/vendor/bsp/Library/GD32E10x_standard_peripheral/Source/gd32e10x_gpio.c.o
gpio_output_port_get                              build/.objs/lora-xmake/cross/none/release/vendor/bsp/Library/GD32E10x_standard_peripheral/Source/gd32e10x_gpio.c.o
gpio_pin_lock                                     build/.objs/lora-xmake/cross/none/release/vendor/bsp/Library/GD32E10x_standard_peripheral/Source/gd32e10x_gpio.c.o
gpio_pin_remap_config                             build/.objs/lora-xmake/cross/none/release/vendor/bsp/Library/GD32E10x_standard_peripheral/Source/gd32e10x_gpio.c.o
gpio_port_write                                   build/.objs/lora-xmake/cross/none/release/vendor/bsp/Library/GD32E10x_standard_peripheral/Source/gd32e10x_gpio.c.o
hardware_init_hook                                /home/lidong/.xmake/packages/g/gnu-rm/10.2020-q4/2d4596dff08a4f1594fc6460d44da443/bin/../lib/gcc/arm-none-eabi/10.2.1/../../../../arm-none-eabi/lib/crt0.o
i2c_ack_config                                    build/.objs/lora-xmake/cross/none/release/vendor/bsp/Library/GD32E10x_standard_peripheral/Source/gd32e10x_i2c.c.o
i2c_ackpos_config                                 build/.objs/lora-xmake/cross/none/release/vendor/bsp/Library/GD32E10x_standard_peripheral/Source/gd32e10x_i2c.c.o
i2c_clock_config                                  build/.objs/lora-xmake/cross/none/release/vendor/bsp/Library/GD32E10x_standard_peripheral/Source/gd32e10x_i2c.c.o
i2c_data_receive                                  build/.objs/lora-xmake/cross/none/release/vendor/bsp/Library/GD32E10x_standard_peripheral/Source/gd32e10x_i2c.c.o
i2c_data_transmit                                 build/.objs/lora-xmake/cross/none/release/vendor/bsp/Library/GD32E10x_standard_peripheral/Source/gd32e10x_i2c.c.o
i2c_deinit                                        build/.objs/lora-xmake/cross/none/release/vendor/bsp/Library/GD32E10x_standard_peripheral/Source/gd32e10x_i2c.c.o
i2c_disable                                       build/.objs/lora-xmake/cross/none/release/vendor/bsp/Library/GD32E10x_standard_peripheral/Source/gd32e10x_i2c.c.o
i2c_dma_enable                                    build/.objs/lora-xmake/cross/none/release/vendor/bsp/Library/GD32E10x_standard_peripheral/Source/gd32e10x_i2c.c.o
i2c_dma_last_transfer_config                      build/.objs/lora-xmake/cross/none/release/vendor/bsp/Library/GD32E10x_standard_peripheral/Source/gd32e10x_i2c.c.o
i2c_dualaddr_disable                              build/.objs/lora-xmake/cross/none/release/vendor/bsp/Library/GD32E10x_standard_peripheral/Source/gd32e10x_i2c.c.o
i2c_dualaddr_enable                               build/.objs/lora-xmake/cross/none/release/vendor/bsp/Library/GD32E10x_standard_peripheral/Source/gd32e10x_i2c.c.o
i2c_enable                                        build/.objs/lora-xmake/cross/none/release/vendor/bsp/Library/GD32E10x_standard_peripheral/Source/gd32e10x_i2c.c.o
i2c_flag_clear                                    build/.objs/lora-xmake/cross/none/release/vendor/bsp/Library/GD32E10x_standard_peripheral/Source/gd32e10x_i2c.c.o
i2c_flag_get                                      build/.objs/lora-xmake/cross/none/release/vendor/bsp/Library/GD32E10x_standard_peripheral/Source/gd32e10x_i2c.c.o
i2c_interrupt_disable                             build/.objs/lora-xmake/cross/none/release/vendor/bsp/Library/GD32E10x_standard_peripheral/Source/gd32e10x_i2c.c.o
i2c_interrupt_enable                              build/.objs/lora-xmake/cross/none/release/vendor/bsp/Library/GD32E10x_standard_peripheral/Source/gd32e10x_i2c.c.o
i2c_interrupt_flag_clear                          build/.objs/lora-xmake/cross/none/release/vendor/bsp/Library/GD32E10x_standard_peripheral/Source/gd32e10x_i2c.c.o
i2c_interrupt_flag_get                            build/.objs/lora-xmake/cross/none/release/vendor/bsp/Library/GD32E10x_standard_peripheral/Source/gd32e10x_i2c.c.o
i2c_master_addressing                             build/.objs/lora-xmake/cross/none/release/vendor/bsp/Library/GD32E10x_standard_peripheral/Source/gd32e10x_i2c.c.o
i2c_mode_addr_config                              build/.objs/lora-xmake/cross/none/release/vendor/bsp/Library/GD32E10x_standard_peripheral/Source/gd32e10x_i2c.c.o
i2c_pec_enable                                    build/.objs/lora-xmake/cross/none/release/vendor/bsp/Library/GD32E10x_standard_peripheral/Source/gd32e10x_i2c.c.o
i2c_pec_transfer_enable                           build/.objs/lora-xmake/cross/none/release/vendor/bsp/Library/GD32E10x_standard_peripheral/Source/gd32e10x_i2c.c.o
i2c_pec_value_get                                 build/.objs/lora-xmake/cross/none/release/vendor/bsp/Library/GD32E10x_standard_peripheral/Source/gd32e10x_i2c.c.o
i2c_sam_disable                                   build/.objs/lora-xmake/cross/none/release/vendor/bsp/Library/GD32E10x_standard_peripheral/Source/gd32e10x_i2c.c.o
i2c_sam_enable                                    build/.objs/lora-xmake/cross/none/release/vendor/bsp/Library/GD32E10x_standard_peripheral/Source/gd32e10x_i2c.c.o
i2c_sam_timeout_disable                           build/.objs/lora-xmake/cross/none/release/vendor/bsp/Library/GD32E10x_standard_peripheral/Source/gd32e10x_i2c.c.o
i2c_sam_timeout_enable                            build/.objs/lora-xmake/cross/none/release/vendor/bsp/Library/GD32E10x_standard_peripheral/Source/gd32e10x_i2c.c.o
i2c_slave_response_to_gcall_config                build/.objs/lora-xmake/cross/none/release/vendor/bsp/Library/GD32E10x_standard_peripheral/Source/gd32e10x_i2c.c.o
i2c_smbus_arp_enable                              build/.objs/lora-xmake/cross/none/release/vendor/bsp/Library/GD32E10x_standard_peripheral/Source/gd32e10x_i2c.c.o
i2c_smbus_issue_alert                             build/.objs/lora-xmake/cross/none/release/vendor/bsp/Library/GD32E10x_standard_peripheral/Source/gd32e10x_i2c.c.o
i2c_smbus_type_config                             build/.objs/lora-xmake/cross/none/release/vendor/bsp/Library/GD32E10x_standard_peripheral/Source/gd32e10x_i2c.c.o
i2c_software_reset_config                         build/.objs/lora-xmake/cross/none/release/vendor/bsp/Library/GD32E10x_standard_peripheral/Source/gd32e10x_i2c.c.o
i2c_start_on_bus                                  build/.objs/lora-xmake/cross/none/release/vendor/bsp/Library/GD32E10x_standard_peripheral/Source/gd32e10x_i2c.c.o
i2c_stop_on_bus                                   build/.objs/lora-xmake/cross/none/release/vendor/bsp/Library/GD32E10x_standard_peripheral/Source/gd32e10x_i2c.c.o
i2c_stretch_scl_low_config                        build/.objs/lora-xmake/cross/none/release/vendor/bsp/Library/GD32E10x_standard_peripheral/Source/gd32e10x_i2c.c.o
i2s_disable                                       build/.objs/lora-xmake/cross/none/release/vendor/bsp/Library/GD32E10x_standard_peripheral/Source/gd32e10x_spi.c.o
i2s_enable                                        build/.objs/lora-xmake/cross/none/release/vendor/bsp/Library/GD32E10x_standard_peripheral/Source/gd32e10x_spi.c.o
i2s_init                                          build/.objs/lora-xmake/cross/none/release/vendor/bsp/Library/GD32E10x_standard_peripheral/Source/gd32e10x_spi.c.o
i2s_psc_config                                    build/.objs/lora-xmake/cross/none/release/vendor/bsp/Library/GD32E10x_standard_peripheral/Source/gd32e10x_spi.c.o
main                                              build/.objs/lora-xmake/cross/none/release/vendor/bsp/main.c.o
                                                  /home/lidong/.xmake/packages/g/gnu-rm/10.2020-q4/2d4596dff08a4f1594fc6460d44da443/bin/../lib/gcc/arm-none-eabi/10.2.1/../../../../arm-none-eabi/lib/crt0.o
memset                                            /home/lidong/.xmake/packages/g/gnu-rm/10.2020-q4/2d4596dff08a4f1594fc6460d44da443/bin/../lib/gcc/arm-none-eabi/10.2.1/../../../../arm-none-eabi/lib/libc_nano.a(lib_a-memset.o)
                                                  /home/lidong/.xmake/packages/g/gnu-rm/10.2020-q4/2d4596dff08a4f1594fc6460d44da443/bin/../lib/gcc/arm-none-eabi/10.2.1/../../../../arm-none-eabi/lib/crt0.o
nvic_irq_disable                                  build/.objs/lora-xmake/cross/none/release/vendor/bsp/Library/GD32E10x_standard_peripheral/Source/gd32e10x_misc.c.o
nvic_irq_enable                                   build/.objs/lora-xmake/cross/none/release/vendor/bsp/Library/GD32E10x_standard_peripheral/Source/gd32e10x_misc.c.o
nvic_priority_group_set                           build/.objs/lora-xmake/cross/none/release/vendor/bsp/Library/GD32E10x_standard_peripheral/Source/gd32e10x_misc.c.o
nvic_vector_table_set                             build/.objs/lora-xmake/cross/none/release/vendor/bsp/Library/GD32E10x_standard_peripheral/Source/gd32e10x_misc.c.o
                                                  build/.objs/lora-xmake/cross/none/release/vendor/bsp/Library/CMSIS/GD/GD32E10x/Source/system_gd32e10x.c.o
ob_data_get                                       build/.objs/lora-xmake/cross/none/release/vendor/bsp/Library/GD32E10x_standard_peripheral/Source/gd32e10x_fmc.c.o
ob_data_program                                   build/.objs/lora-xmake/cross/none/release/vendor/bsp/Library/GD32E10x_standard_peripheral/Source/gd32e10x_fmc.c.o
ob_erase                                          build/.objs/lora-xmake/cross/none/release/vendor/bsp/Library/GD32E10x_standard_peripheral/Source/gd32e10x_fmc.c.o
ob_lock                                           build/.objs/lora-xmake/cross/none/release/vendor/bsp/Library/GD32E10x_standard_peripheral/Source/gd32e10x_fmc.c.o
ob_security_protection_config                     build/.objs/lora-xmake/cross/none/release/vendor/bsp/Library/GD32E10x_standard_peripheral/Source/gd32e10x_fmc.c.o
ob_security_protection_flag_get                   build/.objs/lora-xmake/cross/none/release/vendor/bsp/Library/GD32E10x_standard_peripheral/Source/gd32e10x_fmc.c.o
ob_unlock                                         build/.objs/lora-xmake/cross/none/release/vendor/bsp/Library/GD32E10x_standard_peripheral/Source/gd32e10x_fmc.c.o
ob_user_get                                       build/.objs/lora-xmake/cross/none/release/vendor/bsp/Library/GD32E10x_standard_peripheral/Source/gd32e10x_fmc.c.o
ob_user_write                                     build/.objs/lora-xmake/cross/none/release/vendor/bsp/Library/GD32E10x_standard_peripheral/Source/gd32e10x_fmc.c.o
ob_write_protection_enable                        build/.objs/lora-xmake/cross/none/release/vendor/bsp/Library/GD32E10x_standard_peripheral/Source/gd32e10x_fmc.c.o
ob_write_protection_get                           build/.objs/lora-xmake/cross/none/release/vendor/bsp/Library/GD32E10x_standard_peripheral/Source/gd32e10x_fmc.c.o
pmu_backup_write_disable                          build/.objs/lora-xmake/cross/none/release/vendor/bsp/Library/GD32E10x_standard_peripheral/Source/gd32e10x_pmu.c.o
pmu_backup_write_enable                           build/.objs/lora-xmake/cross/none/release/vendor/bsp/Library/GD32E10x_standard_peripheral/Source/gd32e10x_pmu.c.o
pmu_deinit                                        build/.objs/lora-xmake/cross/none/release/vendor/bsp/Library/GD32E10x_standard_peripheral/Source/gd32e10x_pmu.c.o
pmu_flag_clear                                    build/.objs/lora-xmake/cross/none/release/vendor/bsp/Library/GD32E10x_standard_peripheral/Source/gd32e10x_pmu.c.o
pmu_flag_get                                      build/.objs/lora-xmake/cross/none/release/vendor/bsp/Library/GD32E10x_standard_peripheral/Source/gd32e10x_pmu.c.o
pmu_ldo_output_select                             build/.objs/lora-xmake/cross/none/release/vendor/bsp/Library/GD32E10x_standard_peripheral/Source/gd32e10x_pmu.c.o
pmu_lvd_disable                                   build/.objs/lora-xmake/cross/none/release/vendor/bsp/Library/GD32E10x_standard_peripheral/Source/gd32e10x_pmu.c.o
pmu_lvd_select                                    build/.objs/lora-xmake/cross/none/release/vendor/bsp/Library/GD32E10x_standard_peripheral/Source/gd32e10x_pmu.c.o
pmu_to_deepsleepmode                              build/.objs/lora-xmake/cross/none/release/vendor/bsp/Library/GD32E10x_standard_peripheral/Source/gd32e10x_pmu.c.o
pmu_to_sleepmode                                  build/.objs/lora-xmake/cross/none/release/vendor/bsp/Library/GD32E10x_standard_peripheral/Source/gd32e10x_pmu.c.o
pmu_to_standbymode                                build/.objs/lora-xmake/cross/none/release/vendor/bsp/Library/GD32E10x_standard_peripheral/Source/gd32e10x_pmu.c.o
pmu_wakeup_pin_disable                            build/.objs/lora-xmake/cross/none/release/vendor/bsp/Library/GD32E10x_standard_peripheral/Source/gd32e10x_pmu.c.o
pmu_wakeup_pin_enable                             build/.objs/lora-xmake/cross/none/release/vendor/bsp/Library/GD32E10x_standard_peripheral/Source/gd32e10x_pmu.c.o
qspi_disable                                      build/.objs/lora-xmake/cross/none/release/vendor/bsp/Library/GD32E10x_standard_peripheral/Source/gd32e10x_spi.c.o
qspi_enable                                       build/.objs/lora-xmake/cross/none/release/vendor/bsp/Library/GD32E10x_standard_peripheral/Source/gd32e10x_spi.c.o
qspi_io23_output_disable                          build/.objs/lora-xmake/cross/none/release/vendor/bsp/Library/GD32E10x_standard_peripheral/Source/gd32e10x_spi.c.o
qspi_io23_output_enable                           build/.objs/lora-xmake/cross/none/release/vendor/bsp/Library/GD32E10x_standard_peripheral/Source/gd32e10x_spi.c.o
qspi_read_enable                                  build/.objs/lora-xmake/cross/none/release/vendor/bsp/Library/GD32E10x_standard_peripheral/Source/gd32e10x_spi.c.o
qspi_write_enable                                 build/.objs/lora-xmake/cross/none/release/vendor/bsp/Library/GD32E10x_standard_peripheral/Source/gd32e10x_spi.c.o
rcu_adc_clock_config                              build/.objs/lora-xmake/cross/none/release/vendor/bsp/Library/GD32E10x_standard_peripheral/Source/gd32e10x_rcu.c.o
rcu_ahb_clock_config                              build/.objs/lora-xmake/cross/none/release/vendor/bsp/Library/GD32E10x_standard_peripheral/Source/gd32e10x_rcu.c.o
rcu_all_reset_flag_clear                          build/.objs/lora-xmake/cross/none/release/vendor/bsp/Library/GD32E10x_standard_peripheral/Source/gd32e10x_rcu.c.o
rcu_apb1_clock_config                             build/.objs/lora-xmake/cross/none/release/vendor/bsp/Library/GD32E10x_standard_peripheral/Source/gd32e10x_rcu.c.o
rcu_apb2_clock_config                             build/.objs/lora-xmake/cross/none/release/vendor/bsp/Library/GD32E10x_standard_peripheral/Source/gd32e10x_rcu.c.o
rcu_bkp_reset_disable                             build/.objs/lora-xmake/cross/none/release/vendor/bsp/Library/GD32E10x_standard_peripheral/Source/gd32e10x_rcu.c.o
                                                  build/.objs/lora-xmake/cross/none/release/vendor/bsp/Library/GD32E10x_standard_peripheral/Source/gd32e10x_bkp.c.o
rcu_bkp_reset_enable                              build/.objs/lora-xmake/cross/none/release/vendor/bsp/Library/GD32E10x_standard_peripheral/Source/gd32e10x_rcu.c.o
                                                  build/.objs/lora-xmake/cross/none/release/vendor/bsp/Library/GD32E10x_standard_peripheral/Source/gd32e10x_bkp.c.o
rcu_ck48m_clock_config                            build/.objs/lora-xmake/cross/none/release/vendor/bsp/Library/GD32E10x_standard_peripheral/Source/gd32e10x_rcu.c.o
rcu_ckout0_config                                 build/.objs/lora-xmake/cross/none/release/vendor/bsp/Library/GD32E10x_standard_peripheral/Source/gd32e10x_rcu.c.o
rcu_clock_freq_get                                build/.objs/lora-xmake/cross/none/release/vendor/bsp/Library/GD32E10x_standard_peripheral/Source/gd32e10x_rcu.c.o
                                                  build/.objs/lora-xmake/cross/none/release/vendor/bsp/Library/GD32E10x_standard_peripheral/Source/gd32e10x_spi.c.o
                                                  build/.objs/lora-xmake/cross/none/release/vendor/bsp/Library/GD32E10x_standard_peripheral/Source/gd32e10x_usart.c.o
                                                  build/.objs/lora-xmake/cross/none/release/vendor/bsp/Library/GD32E10x_standard_peripheral/Source/gd32e10x_i2c.c.o
rcu_deepsleep_voltage_set                         build/.objs/lora-xmake/cross/none/release/vendor/bsp/Library/GD32E10x_standard_peripheral/Source/gd32e10x_rcu.c.o
rcu_deinit                                        build/.objs/lora-xmake/cross/none/release/vendor/bsp/Library/GD32E10x_standard_peripheral/Source/gd32e10x_rcu.c.o
rcu_flag_get                                      build/.objs/lora-xmake/cross/none/release/vendor/bsp/Library/GD32E10x_standard_peripheral/Source/gd32e10x_rcu.c.o
rcu_hxtal_clock_monitor_disable                   build/.objs/lora-xmake/cross/none/release/vendor/bsp/Library/GD32E10x_standard_peripheral/Source/gd32e10x_rcu.c.o
rcu_hxtal_clock_monitor_enable                    build/.objs/lora-xmake/cross/none/release/vendor/bsp/Library/GD32E10x_standard_peripheral/Source/gd32e10x_rcu.c.o
rcu_i2s1_clock_config                             build/.objs/lora-xmake/cross/none/release/vendor/bsp/Library/GD32E10x_standard_peripheral/Source/gd32e10x_rcu.c.o
rcu_i2s2_clock_config                             build/.objs/lora-xmake/cross/none/release/vendor/bsp/Library/GD32E10x_standard_peripheral/Source/gd32e10x_rcu.c.o
rcu_interrupt_disable                             build/.objs/lora-xmake/cross/none/release/vendor/bsp/Library/GD32E10x_standard_peripheral/Source/gd32e10x_rcu.c.o
rcu_interrupt_enable                              build/.objs/lora-xmake/cross/none/release/vendor/bsp/Library/GD32E10x_standard_peripheral/Source/gd32e10x_rcu.c.o
rcu_interrupt_flag_clear                          build/.objs/lora-xmake/cross/none/release/vendor/bsp/Library/GD32E10x_standard_peripheral/Source/gd32e10x_rcu.c.o
rcu_interrupt_flag_get                            build/.objs/lora-xmake/cross/none/release/vendor/bsp/Library/GD32E10x_standard_peripheral/Source/gd32e10x_rcu.c.o
rcu_irc8m_adjust_value_set                        build/.objs/lora-xmake/cross/none/release/vendor/bsp/Library/GD32E10x_standard_peripheral/Source/gd32e10x_rcu.c.o
rcu_lxtal_drive_capability_config                 build/.objs/lora-xmake/cross/none/release/vendor/bsp/Library/GD32E10x_standard_peripheral/Source/gd32e10x_rcu.c.o
rcu_osci_bypass_mode_disable                      build/.objs/lora-xmake/cross/none/release/vendor/bsp/Library/GD32E10x_standard_peripheral/Source/gd32e10x_rcu.c.o
rcu_osci_bypass_mode_enable                       build/.objs/lora-xmake/cross/none/release/vendor/bsp/Library/GD32E10x_standard_peripheral/Source/gd32e10x_rcu.c.o
rcu_osci_off                                      build/.objs/lora-xmake/cross/none/release/vendor/bsp/Library/GD32E10x_standard_peripheral/Source/gd32e10x_rcu.c.o
rcu_osci_on                                       build/.objs/lora-xmake/cross/none/release/vendor/bsp/Library/GD32E10x_standard_peripheral/Source/gd32e10x_rcu.c.o
rcu_osci_stab_wait                                build/.objs/lora-xmake/cross/none/release/vendor/bsp/Library/GD32E10x_standard_peripheral/Source/gd32e10x_rcu.c.o
rcu_periph_clock_disable                          build/.objs/lora-xmake/cross/none/release/vendor/bsp/Library/GD32E10x_standard_peripheral/Source/gd32e10x_rcu.c.o
rcu_periph_clock_enable                           build/.objs/lora-xmake/cross/none/release/vendor/bsp/Library/GD32E10x_standard_peripheral/Source/gd32e10x_rcu.c.o
rcu_periph_clock_sleep_disable                    build/.objs/lora-xmake/cross/none/release/vendor/bsp/Library/GD32E10x_standard_peripheral/Source/gd32e10x_rcu.c.o
rcu_periph_clock_sleep_enable                     build/.objs/lora-xmake/cross/none/release/vendor/bsp/Library/GD32E10x_standard_peripheral/Source/gd32e10x_rcu.c.o
rcu_periph_reset_disable                          build/.objs/lora-xmake/cross/none/release/vendor/bsp/Library/GD32E10x_standard_peripheral/Source/gd32e10x_rcu.c.o
                                                  build/.objs/lora-xmake/cross/none/release/vendor/bsp/Library/GD32E10x_standard_peripheral/Source/gd32e10x_ctc.c.o
                                                  build/.objs/lora-xmake/cross/none/release/vendor/bsp/Library/GD32E10x_standard_peripheral/Source/gd32e10x_spi.c.o
                                                  build/.objs/lora-xmake/cross/none/release/vendor/bsp/Library/GD32E10x_standard_peripheral/Source/gd32e10x_gpio.c.o